Microchip MPLAB XC8 Compiler V3.10

Linker command line:

-W-3 \
  --edf=C:\Program Files\Microchip\xc8\v3.10\pic\dat\20250813170317_en.msgs \
  -cn -h+dist/default/debug\practica2.X.debug.sym \
  --cmf=dist/default/debug\practica2.X.debug.cmf -z -Q18F4550 \
  -oC:\Users\HP\AppData\Local\Temp\xcAsec8.0\driver_tmp_3.o \
  --defsym=__MPLAB_BUILD=1 --fixupoverflow=error \
  -Mdist/default/debug/practica2.X.debug.map \
  --md=C:\Users\HP\AppData\Local\Temp\xcAsec8.0\driver_tmp_0.dat -E1 \
  -ver=XC8 Compiler -ACODE=00h-07FFFh -ACONST=00h-07FFFh \
  -ASMALLCONST=0800h-08FFhx120 -AMEDIUMCONST=0800h-07FFFh -ACOMRAM=01h-05Fh \
  -AABS1=00h-07FFh -ABIGRAM=01h-07FFh -ARAM=060h-0FFh,0100h-01FFhx7 \
  -ABANK0=060h-0FFh -ABANK1=0100h-01FFh -ABANK2=0200h-02FFh \
  -ABANK3=0300h-03FFh -ABANK4=0400h-04FFh -ABANK5=0500h-05FFh \
  -ABANK6=0600h-06FFh -ABANK7=0700h-07FFh -ASFR=0F60h-0FFFh \
  -ABIGSFR=0F60h-0FFFh -ACONFIG=0300000h-030000Dh -AIDLOC=0200000h-0200007h \
  -AEEDATA=0F00000h-0F000FFh -peeprom_data=EEDATA \
  -preset_vec=00h,intcode=8h,intcodelo=18h,sivt_lo,sivt_hi=CODE \
  -ppowerup=CODE,init -pramtop=0800h -psmallconst=SMALLCONST \
  -pmediumconst=MEDIUMCONST -pconst=CONST -AFARRAM=00h-00h \
  -prdata=COMRAM,nvrram=COMRAM,nvbit=COMRAM,rbss=COMRAM,rbit=COMRAM \
  -pfarbss=FARRAM,fardata=FARRAM,nvFARRAM=FARRAM \
  -pintsave_regs=BIGRAM,bigbss=BIGRAM,bigdata=BIGRAM -pbss=RAM \
  -pidata=CODE,irdata=CODE,ibigdata=CODE,ifardata=CODE -prparam=COMRAM \
  C:\Users\HP\AppData\Local\Temp\xcAsec8.0\driver_tmp_14.o \
  dist/default/debug\practica2.X.debug.o 

Object code version is 3.11

Machine type is 18F4550



                Name                               Link     Load   Length Selector   Space Scale
C:\Users\HP\AppData\Local\Temp\xcAsec8.0\driver_tmp_14.o
                config                           300000   300000        E        0       4
                init                               7FFC     7FFC        4     3FFE       0
                reset_vec                             0        0        4        0       0
dist/default/debug\practica2.X.debug.o
                config                           300000   300000        E        0       4
                mediumconst                        7D0C     7D0C      2F0     3E86       0
                text53                             6714     6714       20     338A       0
                text52                             6D96     6D96       72     36CB       0
                text51                             67BC     67BC       28     33DE       0
                text50                             6BF4     6BF4       64     35FA       0
                text49                             662C     662C        2     3316       0
                text48                             71D8     71D8       AA     38EC       0
                text47                             7A1C     7A1C      2F0     3D0E       0
                text46                             689A     689A       42     344D       0
                text45                             6866     6866       34     3433       0
                text44                             67E4     67E4       28     33F2       0
                text43                             6B3C     6B3C       5A     359E       0
                text42                             6E08     6E08       74     3704       0
                text41                             6EF0     6EF0       7E     3778       0
                text40                             6E7C     6E7C       74     373E       0
                text39                             6F6E     6F6E       7E     37B7       0
                text38                             6796     6796       26     33CB       0
                text37                             6734     6734       20     339A       0
                text36                             663A     663A        A     331D       0
                text35                             6668     6668       16     3334       0
                text34                             667E     667E       16     333F       0
                text33                             66F6     66F6       1E     337B       0
                text32                             69AA     69AA       4C     34D5       0
                text31                             6644     6644       12     3322       0
                text30                             662E     662E        6     3317       0
                text29                             6A42     6A42       4E     3521       0
                text28                             76A6     76A6      10E     3B53       0
                text27                             6B96     6B96       5E     35CB       0
                text26                             7330     7330       B6     3998       0
                text25                             6FEC     6FEC       A2     37F6       0
                text24                             77B4     77B4      268     3BDA       0
                text23                             6834     6834       32     341A       0
                text22                             66DA     66DA       1C     336D       0
                text21                             6656     6656       12     332B       0
                text20                             6AE4     6AE4       58     3572       0
                text19                             680C     680C       28     3406       0
                text18                             68DC     68DC       42     346E       0
                text17                             708E     708E       A4     3847       0
                text16                             6CC0     6CC0       6A     3660       0
                text15                             7282     7282       AE     3941       0
                text14                             7132     7132       A6     3899       0
                text13                             6C58     6C58       68     362C       0
                text12                             6754     6754       20     33AA       0
                text11                             6A90     6A90       54     3548       0
                text10                             691E     691E       44     348F       0
                text9                              6D2A     6D2A       6C     3695       0
                text8                              759C     759C      10A     3ACE       0
                text7                              6694     6694       16     334A       0
                text6                              6634     6634        6     331A       0
                text5                              66C0     66C0       1A     3360       0
                text4                              66AA     66AA       16     3355       0
                text3                              69F6     69F6       4C     34FB       0
                text2                              73E6     73E6       C6     39F3       0
                text1                              6962     6962       48     34B1       0
                text0                              74AC     74AC       F0     3A56       0
                cstackCOMRAM                          1        1       47        1       1
                cstackBANK0                          60       60       27       60       1
                bssBANK0                             87       87       20       60       1
                bssCOMRAM                            48       48       17        1       1
                cinit                              6774     6774       22     33BA       0

TOTAL           Name                               Link     Load   Length     Space
        CLASS   CODE           
                init                               7FFC     7FFC        4         0
                reset_vec                             0        0        4         0
                text53                             6714     6714       20         0
                text52                             6D96     6D96       72         0
                text51                             67BC     67BC       28         0
                text50                             6BF4     6BF4       64         0
                text49                             662C     662C        2         0
                text48                             71D8     71D8       AA         0
                text47                             7A1C     7A1C      2F0         0
                text46                             689A     689A       42         0
                text45                             6866     6866       34         0
                text44                             67E4     67E4       28         0
                text43                             6B3C     6B3C       5A         0
                text42                             6E08     6E08       74         0
                text41                             6EF0     6EF0       7E         0
                text40                             6E7C     6E7C       74         0
                text39                             6F6E     6F6E       7E         0
                text38                             6796     6796       26         0
                text37                             6734     6734       20         0
                text36                             663A     663A        A         0
                text35                             6668     6668       16         0
                text34                             667E     667E       16         0
                text33                             66F6     66F6       1E         0
                text32                             69AA     69AA       4C         0
                text31                             6644     6644       12         0
                text30                             662E     662E        6         0
                text29                             6A42     6A42       4E         0
                text28                             76A6     76A6      10E         0
                text27                             6B96     6B96       5E         0
                text26                             7330     7330       B6         0
                text25                             6FEC     6FEC       A2         0
                text24                             77B4     77B4      268         0
                text23                             6834     6834       32         0
                text22                             66DA     66DA       1C         0
                text21                             6656     6656       12         0
                text20                             6AE4     6AE4       58         0
                text19                             680C     680C       28         0
                text18                             68DC     68DC       42         0
                text17                             708E     708E       A4         0
                text16                             6CC0     6CC0       6A         0
                text15                             7282     7282       AE         0
                text14                             7132     7132       A6         0
                text13                             6C58     6C58       68         0
                text12                             6754     6754       20         0
                text11                             6A90     6A90       54         0
                text10                             691E     691E       44         0
                text9                              6D2A     6D2A       6C         0
                text8                              759C     759C      10A         0
                text7                              6694     6694       16         0
                text6                              6634     6634        6         0
                text5                              66C0     66C0       1A         0
                text4                              66AA     66AA       16         0
                text3                              69F6     69F6       4C         0
                text2                              73E6     73E6       C6         0
                text1                              6962     6962       48         0
                text0                              74AC     74AC       F0         0
                cinit                              6774     6774       22         0

        CLASS   CONST          

        CLASS   SMALLCONST     

        CLASS   MEDIUMCONST    
                mediumconst                        7D0C     7D0C      2F0         0

        CLASS   COMRAM         
                cstackCOMRAM                          1        1       47         1
                bssCOMRAM                            48       48       17         1

        CLASS   ABS1           

        CLASS   BIGRAM         

        CLASS   RAM            

        CLASS   BANK0          
                cstackBANK0                          60       60       27         1
                bssBANK0                             87       87       20         1

        CLASS   BANK1          

        CLASS   BANK2          

        CLASS   BANK3          

        CLASS   BANK4          

        CLASS   BANK5          

        CLASS   BANK6          

        CLASS   BANK7          

        CLASS   SFR            

        CLASS   BIGSFR         

        CLASS   CONFIG         
                config                           300000   300000        E         4

        CLASS   IDLOC          

        CLASS   EEDATA         

        CLASS   FARRAM         

        CLASS   HEAP           

        CLASS   STACK          



SEGMENTS        Name                           Load    Length   Top    Selector   Space  Class

                reset_vec                      000000  000004  000004         0       0  CODE    
                cstackCOMRAM                   000001  00005E  00005F         1       1  COMRAM  
                cstackBANK0                    000060  000047  0000A7        60       1  BANK0   
                text49                         00662C  000002  00662E      3316       0  CODE    
                text30                         00662E  000006  006634      3317       0  CODE    
                text6                          006634  000006  00663A      331A       0  CODE    
                text36                         00663A  00000A  006644      331D       0  CODE    
                text31                         006644  000012  006656      3322       0  CODE    
                text21                         006656  000012  006668      332B       0  CODE    
                text35                         006668  000016  00667E      3334       0  CODE    
                text34                         00667E  000016  006694      333F       0  CODE    
                text7                          006694  000016  0066AA      334A       0  CODE    
                text4                          0066AA  000016  0066C0      3355       0  CODE    
                text5                          0066C0  00001A  0066DA      3360       0  CODE    
                text22                         0066DA  00001C  0066F6      336D       0  CODE    
                text33                         0066F6  00001E  006714      337B       0  CODE    
                text53                         006714  000020  006734      338A       0  CODE    
                text37                         006734  000020  006754      339A       0  CODE    
                text12                         006754  000020  006774      33AA       0  CODE    
                cinit                          006774  000022  006796      33BA       0  CODE    
                text38                         006796  000026  0067BC      33CB       0  CODE    
                text51                         0067BC  000028  0067E4      33DE       0  CODE    
                text44                         0067E4  000028  00680C      33F2       0  CODE    
                text19                         00680C  000028  006834      3406       0  CODE    
                text23                         006834  000032  006866      341A       0  CODE    
                text45                         006866  000034  00689A      3433       0  CODE    
                text46                         00689A  000042  0068DC      344D       0  CODE    
                text18                         0068DC  000042  00691E      346E       0  CODE    
                text10                         00691E  000044  006962      348F       0  CODE    
                text1                          006962  000048  0069AA      34B1       0  CODE    
                text32                         0069AA  00004C  0069F6      34D5       0  CODE    
                text3                          0069F6  00004C  006A42      34FB       0  CODE    
                text29                         006A42  00004E  006A90      3521       0  CODE    
                text11                         006A90  000054  006AE4      3548       0  CODE    
                text20                         006AE4  000058  006B3C      3572       0  CODE    
                text43                         006B3C  00005A  006B96      359E       0  CODE    
                text27                         006B96  00005E  006BF4      35CB       0  CODE    
                text50                         006BF4  000064  006C58      35FA       0  CODE    
                text13                         006C58  000068  006CC0      362C       0  CODE    
                text16                         006CC0  00006A  006D2A      3660       0  CODE    
                text9                          006D2A  00006C  006D96      3695       0  CODE    
                text52                         006D96  000072  006E08      36CB       0  CODE    
                text42                         006E08  000074  006E7C      3704       0  CODE    
                text40                         006E7C  000074  006EF0      373E       0  CODE    
                text41                         006EF0  00007E  006F6E      3778       0  CODE    
                text39                         006F6E  00007E  006FEC      37B7       0  CODE    
                text25                         006FEC  0000A2  00708E      37F6       0  CODE    
                text17                         00708E  0000A4  007132      3847       0  CODE    
                text14                         007132  0000A6  0071D8      3899       0  CODE    
                text48                         0071D8  0000AA  007282      38EC       0  CODE    
                text15                         007282  0000AE  007330      3941       0  CODE    
                text26                         007330  0000B6  0073E6      3998       0  CODE    
                text2                          0073E6  0000C6  0074AC      39F3       0  CODE    
                text0                          0074AC  0000F0  00759C      3A56       0  CODE    
                text8                          00759C  00010A  0076A6      3ACE       0  CODE    
                text28                         0076A6  00010E  0077B4      3B53       0  CODE    
                text24                         0077B4  000268  007A1C      3BDA       0  CODE    
                text47                         007A1C  0002F0  007D0C      3D0E       0  CODE    
                mediumconst                    007D0C  0002F0  007FFC      3E86       0  MEDIUMCO
                init                           007FFC  000004  008000      3FFE       0  CODE    


UNUSED ADDRESS RANGES

        Name                Unused          Largest block    Delta
        BANK0            0000A7-0000FF               59
        BANK1            000100-0001FF              100
        BANK2            000200-0002FF              100
        BANK3            000300-0003FF              100
        BANK4            000400-0004FF              100
        BANK5            000500-0005FF              100
        BANK6            000600-0006FF              100
        BANK7            000700-0007FF              100
        BIGRAM           00005F-00005F                1
                         0000A7-0007FF              759
        BIGSFR           000F60-000FFF               A0
        CODE             000004-00662B             6628
        COMRAM           00005F-00005F                1
        CONST            000004-00662B             6628
        EEDATA           F00000-F000FF              100
        IDLOC            200000-200007                8
        MEDIUMCONST      000800-00662B             5E2C
        RAM              0000A7-0007FF              100
        SFR              000F60-000FFF               A0
        SMALLCONST       000800-00662B              100

                                  Symbol Table

?_ADC_Read                                       cstackCOMRAM 000001
?_Light_Get_Text                                 cstackCOMRAM 000001
?_Light_Process_ADC                              cstackCOMRAM 000001
?_MQ135_Get_Text                                 cstackCOMRAM 000001
?_Read_LM35_Temperature_X10                      cstackCOMRAM 00001A
?___lldiv                                        cstackCOMRAM 00000D
?___lmul                                         cstackCOMRAM 000001
?___lwdiv                                        cstackCOMRAM 000001
?___lwmod                                        cstackCOMRAM 000001
?_sprintf                                        cstackCOMRAM 00001E
?_vfprintf                                       cstackCOMRAM 000018
ADC_Read@channel                                 cstackCOMRAM 000005
Buzzer_Set@state                                 cstackCOMRAM 000003
Buzzer_Should_Be_On@mq135_adc                    cstackCOMRAM 000001
Buzzer_Update_By_MQ135@mq135_adc                 cstackCOMRAM 000004
Display_Update@fan_speed                         cstackCOMRAM 00003A
Display_Update@humidity_adc                      cstackCOMRAM 000038
Display_Update@humidity_text                     cstackBANK0  000060
Display_Update@leds_count                        cstackBANK0  000084
Display_Update@light_adc                         cstackCOMRAM 000036
Display_Update@light_level                       cstackBANK0  000086
Display_Update@light_text                        cstackBANK0  00007D
Display_Update@mq135_adc                         cstackCOMRAM 000034
Display_Update@mq_level                          cstackBANK0  000083
Display_Update@mq_text                           cstackBANK0  000077
Display_Update@temp_text                         cstackBANK0  00006F
Display_Update@temperature_x10                   cstackCOMRAM 000032
Fan_Get_Speed_By_MQ135@mq135_adc                 cstackCOMRAM 000001
Fan_Get_Speed_By_MQ135_And_Humidity@fan_speed    cstackCOMRAM 000013
Fan_Get_Speed_By_MQ135_And_Humidity@humidity_adc cstackCOMRAM 000011
Fan_Get_Speed_By_MQ135_And_Humidity@mq135_adc    cstackCOMRAM 00000F
Fan_Set_Duty@duty_counts                         cstackCOMRAM 00001D
Fan_Set_Duty@duty_percent                        cstackCOMRAM 00001C
Fan_Set_Speed@speed                              cstackCOMRAM 000021
Humidity_Get_Percentage@humidity_adc             cstackCOMRAM 000008
Humidity_Get_Text@humidity_adc                   cstackCOMRAM 00002F
Humidity_Get_Text@porcentaje                     cstackCOMRAM 000031
Humidity_Get_Text@text                           bssCOMRAM    000050
Humidity_Should_Turn_Fan_On@humidity_adc         cstackCOMRAM 00000C
Humidity_Should_Turn_Fan_On@porcentaje           cstackCOMRAM 00000E
I2C_Master_Init@clock_hz                         cstackCOMRAM 000001
I2C_Master_Write@data                            cstackCOMRAM 000002
Light_Get_Leds_Count@level                       cstackCOMRAM 000001
Light_Get_Level@light_value                      cstackCOMRAM 000001
Light_Get_Text@level                             cstackCOMRAM 000003
Light_LEDs_Update@leds_count                     cstackCOMRAM 000001
Light_Process_ADC@light_value                    cstackCOMRAM 000003
Light_Process_ADC@raw_adc                        cstackCOMRAM 000001
MQ135_Get_Level@adc_value                        cstackCOMRAM 000001
MQ135_Get_Text@level                             cstackCOMRAM 000003
Process_Components@fan_speed                     cstackCOMRAM 00002C
Process_Components@humidity_adc                  cstackCOMRAM 000028
Process_Components@leds_count                    cstackCOMRAM 00002B
Process_Components@light_adc                     cstackCOMRAM 000022
Process_Components@light_level                   cstackCOMRAM 00002A
Process_Components@mq135_adc                     cstackCOMRAM 000026
Process_Components@temperature_x10               cstackCOMRAM 000024
Read_LM35_Temperature_X10@adc_value              cstackCOMRAM 000020
Read_LM35_Temperature_X10@temperature_x10        cstackCOMRAM 00001C
SSD1306_ClearDisplay@column                      cstackCOMRAM 000006
SSD1306_ClearDisplay@page                        cstackCOMRAM 000007
SSD1306_ClearLine@column                         cstackCOMRAM 000006
SSD1306_ClearLine@page                           cstackCOMRAM 000007
SSD1306_Command@command                          cstackCOMRAM 000003
SSD1306_Data@data                                cstackCOMRAM 000003
SSD1306_SetCursor@column                         cstackCOMRAM 000005
SSD1306_SetCursor@page                           cstackCOMRAM 000004
SSD1306_WriteChar@c                              cstackCOMRAM 00000C
SSD1306_WriteChar@character                      cstackCOMRAM 00000E
SSD1306_WriteChar@i                              cstackCOMRAM 00000D
SSD1306_WriteChar@index                          cstackCOMRAM 00000A
SSD1306_WriteString@str                          cstackCOMRAM 00000F
Temperature_LED_Update@temperature_x10           cstackCOMRAM 000001
Temperature_To_String@buffer                     cstackCOMRAM 000015
Temperature_To_String@decimal_part               cstackCOMRAM 00001E
Temperature_To_String@i                          cstackCOMRAM 000020
Temperature_To_String@integer_part               cstackCOMRAM 00001C
Temperature_To_String@integer_text               cstackCOMRAM 000016
Temperature_To_String@temperature_x10            cstackCOMRAM 000013
UInt16_To_String@buffer                          cstackCOMRAM 00000A
UInt16_To_String@i                               cstackCOMRAM 000012
UInt16_To_String@j                               cstackCOMRAM 000011
UInt16_To_String@temp                            cstackCOMRAM 00000B
UInt16_To_String@value                           cstackCOMRAM 000008
_ADCON0                                          (abs)        000FC2
_ADCON0bits                                      (abs)        000FC2
_ADCON1                                          (abs)        000FC1
_ADCON2                                          (abs)        000FC0
_ADC_Init                                        text7        006694
_ADC_Read                                        text10       00691E
_ADRESH                                          (abs)        000FC4
_ADRESL                                          (abs)        000FC3
_Buzzer_Init                                     text6        006634
_Buzzer_Set                                      text22       0066DA
_Buzzer_Should_Be_On                             text53       006714
_Buzzer_Update_By_MQ135                          text21       006656
_CCP1CON                                         (abs)        000FBD
_CCPR1L                                          (abs)        000FBE
_CMCON                                           (abs)        000FB4
_CVRCON                                          (abs)        000FB5
_Display_Update                                  text24       0077B4
_Display_Update$1938                             cstackBANK0  000085
_Fan_Get_Speed_By_MQ135                          text20       006AE4
_Fan_Get_Speed_By_MQ135_And_Humidity             text18       0068DC
_Fan_PWM_Init                                    text5        0066C0
_Fan_Set_Duty                                    text15       007282
_Fan_Set_Speed                                   text14       007132
_Font5x7                                         mediumconst  007D0D
_Humidity_Get_Percentage                         text51       0067BC
_Humidity_Get_Text                               text44       0067E4
_Humidity_Should_Turn_Fan_On                     text19       00680C
_I2C_Master_Init                                 text4        0066AA
_I2C_Master_Start                                text35       006668
_I2C_Master_Stop                                 text34       00667E
_I2C_Master_Wait                                 text38       006796
_I2C_Master_Write                                text37       006734
_LATCbits                                        (abs)        000F8B
_LATDbits                                        (abs)        000F8C
_Light_Get_Leds_Count                            text43       006B3C
_Light_Get_Level                                 text42       006E08
_Light_Get_Text                                  text41       006EF0
_Light_LEDs_Update                               text13       006C58
_Light_Process_ADC                               text23       006834
_MQ135_Get_Level                                 text40       006E7C
_MQ135_Get_Text                                  text39       006F6E
_OSCCON                                          (abs)        000FD3
_PIR1bits                                        (abs)        000F9E
_PR2                                             (abs)        000FCB
_Process_Components                              text11       006A90
_Read_LM35_Temperature_X10                       text9        006D2A
_SSD1306_ClearDisplay                            text3        0069F6
_SSD1306_ClearLine                               text29       006A42
_SSD1306_Command                                 text33       0066F6
_SSD1306_Data                                    text36       00663A
_SSD1306_Init                                    text2        0073E6
_SSD1306_SetCursor                               text32       0069AA
_SSD1306_StartData                               text31       006644
_SSD1306_StopData                                text30       00662E
_SSD1306_WriteChar                               text28       0076A6
_SSD1306_WriteString                             text27       006B96
_SSPADD                                          (abs)        000FC8
_SSPBUF                                          (abs)        000FC9
_SSPCON1                                         (abs)        000FC6
_SSPCON2                                         (abs)        000FC5
_SSPCON2bits                                     (abs)        000FC5
_SSPSTAT                                         (abs)        000FC7
_SSPSTATbits                                     (abs)        000FC7
_Startup_Test                                    text8        00759C
_System_Init                                     text1        006962
_T2CON                                           (abs)        000FCA
_TRISAbits                                       (abs)        000F92
_TRISBbits                                       (abs)        000F93
_TRISCbits                                       (abs)        000F94
_TRISDbits                                       (abs)        000F95
_Temperature_LED_Update                          text12       006754
_Temperature_To_String                           text25       006FEC
_UInt16_To_String                                text26       007330
__HRAM                                           (abs)        000000
__H__absolute__                                  __absolute__ 000000
__Habs1                                          abs1         000000
__Hbank0                                         bank0        000000
__Hbank1                                         bank1        000000
__Hbank2                                         bank2        000000
__Hbank3                                         bank3        000000
__Hbank4                                         bank4        000000
__Hbank5                                         bank5        000000
__Hbank6                                         bank6        000000
__Hbank7                                         bank7        000000
__Hbigbss                                        bigbss       000000
__Hbigdata                                       bigdata      000000
__Hbigram                                        bigram       000000
__Hbigsfr                                        bigsfr       000000
__Hbss                                           bss          000000
__HbssBANK0                                      bssBANK0     000000
__HbssCOMRAM                                     bssCOMRAM    000000
__Hcinit                                         cinit        000000
__Hclrtext                                       clrtext      000000
__Hcomram                                        comram       000000
__Hconfig                                        config       30000E
__Hconst                                         const        000000
__HcstackBANK0                                   cstackBANK0  000000
__HcstackCOMRAM                                  cstackCOMRAM 000000
__Hdata                                          data         000000
__Heeprom_data                                   eeprom_data  000000
__Hfarbss                                        farbss       000000
__Hfardata                                       fardata      000000
__Hheap                                          heap         000000
__Hibigdata                                      ibigdata     000000
__Hidata                                         idata        000000
__Hidloc                                         idloc        000000
__Hifardata                                      ifardata     000000
__Hinit                                          init         008000
__Hintcode                                       intcode      000008
__Hintcode_body                                  intcode_body 000000
__Hintcodelo                                     intcodelo    000018
__Hintentry                                      intentry     000000
__Hintret                                        intret       000000
__Hintsave_regs                                  intsave_regs 000000
__Hirdata                                        irdata       000000
__Hmediumconst                                   mediumconst  007FFC
__HnvFARRAM                                      nvFARRAM     000000
__Hnvbit                                         nvbit        000000
__Hnvrram                                        nvrram       000000
__Hparam                                         rparam       000000
__Hpowerup                                       powerup      000000
__Hram                                           ram          000000
__Hramtop                                        ramtop       000800
__Hrbit                                          rbit         000000
__Hrbss                                          rbss         000000
__Hrdata                                         rdata        000000
__Hreset_vec                                     reset_vec    000004
__Hrparam                                        rparam       000000
__Hsfr                                           sfr          000000
__Hsivt_hi                                       sivt_hi      000000
__Hsivt_lo                                       sivt_lo      000018
__Hsmallconst                                    smallconst   000000
__Hspace_0                                       (abs)        008000
__Hspace_1                                       (abs)        0000A7
__Hspace_2                                       (abs)        000000
__Hspace_4                                       (abs)        60000E
__Hstack                                         stack        000000
__Hstruct                                        struct       000000
__Htemp                                          temp         000000
__Htext                                          text         000000
__Htext0                                         text0        000000
__Htext1                                         text1        000000
__Htext10                                        text10       000000
__Htext11                                        text11       000000
__Htext12                                        text12       000000
__Htext13                                        text13       000000
__Htext14                                        text14       000000
__Htext15                                        text15       000000
__Htext16                                        text16       000000
__Htext17                                        text17       000000
__Htext18                                        text18       000000
__Htext19                                        text19       000000
__Htext2                                         text2        000000
__Htext20                                        text20       000000
__Htext21                                        text21       000000
__Htext22                                        text22       000000
__Htext23                                        text23       000000
__Htext24                                        text24       000000
__Htext25                                        text25       000000
__Htext26                                        text26       000000
__Htext27                                        text27       000000
__Htext28                                        text28       000000
__Htext29                                        text29       000000
__Htext3                                         text3        000000
__Htext30                                        text30       000000
__Htext31                                        text31       000000
__Htext32                                        text32       000000
__Htext33                                        text33       000000
__Htext34                                        text34       000000
__Htext35                                        text35       000000
__Htext36                                        text36       000000
__Htext37                                        text37       000000
__Htext38                                        text38       000000
__Htext39                                        text39       000000
__Htext4                                         text4        000000
__Htext40                                        text40       000000
__Htext41                                        text41       000000
__Htext42                                        text42       000000
__Htext43                                        text43       000000
__Htext44                                        text44       000000
__Htext45                                        text45       000000
__Htext46                                        text46       000000
__Htext47                                        text47       000000
__Htext48                                        text48       000000
__Htext49                                        text49       000000
__Htext5                                         text5        000000
__Htext50                                        text50       000000
__Htext51                                        text51       000000
__Htext52                                        text52       000000
__Htext53                                        text53       000000
__Htext6                                         text6        000000
__Htext7                                         text7        000000
__Htext8                                         text8        000000
__Htext9                                         text9        000000
__LRAM                                           (abs)        000001
__L__absolute__                                  __absolute__ 000000
__Labs1                                          abs1         000000
__Lbank0                                         bank0        000000
__Lbank1                                         bank1        000000
__Lbank2                                         bank2        000000
__Lbank3                                         bank3        000000
__Lbank4                                         bank4        000000
__Lbank5                                         bank5        000000
__Lbank6                                         bank6        000000
__Lbank7                                         bank7        000000
__Lbigbss                                        bigbss       000000
__Lbigdata                                       bigdata      000000
__Lbigram                                        bigram       000000
__Lbigsfr                                        bigsfr       000000
__Lbss                                           bss          000000
__LbssBANK0                                      bssBANK0     000000
__LbssCOMRAM                                     bssCOMRAM    000000
__Lcinit                                         cinit        000000
__Lclrtext                                       clrtext      000000
__Lcomram                                        comram       000000
__Lconfig                                        config       000000
__Lconst                                         const        000000
__LcstackBANK0                                   cstackBANK0  000000
__LcstackCOMRAM                                  cstackCOMRAM 000000
__Ldata                                          data         000000
__Leeprom_data                                   eeprom_data  000000
__Lfarbss                                        farbss       000000
__Lfardata                                       fardata      000000
__Lheap                                          heap         000000
__Libigdata                                      ibigdata     000000
__Lidata                                         idata        000000
__Lidloc                                         idloc        000000
__Lifardata                                      ifardata     000000
__Linit                                          init         007FFC
__Lintcode                                       intcode      000008
__Lintcode_body                                  intcode_body 000000
__Lintcodelo                                     intcodelo    000018
__Lintentry                                      intentry     000000
__Lintret                                        intret       000000
__Lintsave_regs                                  intsave_regs 000000
__Lirdata                                        irdata       000000
__Lmediumconst                                   mediumconst  007D0C
__LnvFARRAM                                      nvFARRAM     000000
__Lnvbit                                         nvbit        000000
__Lnvrram                                        nvrram       000000
__Lparam                                         rparam       000000
__Lpowerup                                       powerup      000000
__Lram                                           ram          000000
__Lramtop                                        ramtop       000800
__Lrbit                                          rbit         000000
__Lrbss                                          rbss         000000
__Lrdata                                         rdata        000000
__Lreset_vec                                     reset_vec    000000
__Lrparam                                        rparam       000000
__Lsfr                                           sfr          000000
__Lsivt_hi                                       sivt_hi      000000
__Lsivt_lo                                       sivt_lo      000018
__Lsmallconst                                    smallconst   000000
__Lspace_0                                       (abs)        000000
__Lspace_1                                       (abs)        000000
__Lspace_2                                       (abs)        000000
__Lspace_4                                       (abs)        000000
__Lstack                                         stack        000000
__Lstruct                                        struct       000000
__Ltemp                                          temp         000000
__Ltext                                          text         000000
__Ltext0                                         text0        000000
__Ltext1                                         text1        000000
__Ltext10                                        text10       000000
__Ltext11                                        text11       000000
__Ltext12                                        text12       000000
__Ltext13                                        text13       000000
__Ltext14                                        text14       000000
__Ltext15                                        text15       000000
__Ltext16                                        text16       000000
__Ltext17                                        text17       000000
__Ltext18                                        text18       000000
__Ltext19                                        text19       000000
__Ltext2                                         text2        000000
__Ltext20                                        text20       000000
__Ltext21                                        text21       000000
__Ltext22                                        text22       000000
__Ltext23                                        text23       000000
__Ltext24                                        text24       000000
__Ltext25                                        text25       000000
__Ltext26                                        text26       000000
__Ltext27                                        text27       000000
__Ltext28                                        text28       000000
__Ltext29                                        text29       000000
__Ltext3                                         text3        000000
__Ltext30                                        text30       000000
__Ltext31                                        text31       000000
__Ltext32                                        text32       000000
__Ltext33                                        text33       000000
__Ltext34                                        text34       000000
__Ltext35                                        text35       000000
__Ltext36                                        text36       000000
__Ltext37                                        text37       000000
__Ltext38                                        text38       000000
__Ltext39                                        text39       000000
__Ltext4                                         text4        000000
__Ltext40                                        text40       000000
__Ltext41                                        text41       000000
__Ltext42                                        text42       000000
__Ltext43                                        text43       000000
__Ltext44                                        text44       000000
__Ltext45                                        text45       000000
__Ltext46                                        text46       000000
__Ltext47                                        text47       000000
__Ltext48                                        text48       000000
__Ltext49                                        text49       000000
__Ltext5                                         text5        000000
__Ltext50                                        text50       000000
__Ltext51                                        text51       000000
__Ltext52                                        text52       000000
__Ltext53                                        text53       000000
__Ltext6                                         text6        000000
__Ltext7                                         text7        000000
__Ltext8                                         text8        000000
__Ltext9                                         text9        000000
__S0                                             (abs)        008000
__S1                                             (abs)        0000A7
__S4                                             (abs)        000000
__S5                                             (abs)        000000
___heap_hi                                       (abs)        000000
___heap_lo                                       (abs)        000000
___inthi_sp                                      stack        000000
___inthi_stack_hi                                stack        000000
___inthi_stack_lo                                stack        000000
___intlo_sp                                      stack        000000
___intlo_stack_hi                                stack        000000
___intlo_stack_lo                                stack        000000
___lldiv                                         text17       00708E
___lldiv@counter                                 cstackCOMRAM 000019
___lldiv@dividend                                cstackCOMRAM 00000D
___lldiv@divisor                                 cstackCOMRAM 000011
___lldiv@quotient                                cstackCOMRAM 000015
___lmul                                          text16       006CC0
___lmul@multiplicand                             cstackCOMRAM 000005
___lmul@multiplier                               cstackCOMRAM 000001
___lmul@product                                  cstackCOMRAM 000009
___lwdiv                                         text52       006D96
___lwdiv@counter                                 cstackCOMRAM 000007
___lwdiv@dividend                                cstackCOMRAM 000001
___lwdiv@divisor                                 cstackCOMRAM 000003
___lwdiv@quotient                                cstackCOMRAM 000005
___lwmod                                         text50       006BF4
___lwmod@counter                                 cstackCOMRAM 000005
___lwmod@dividend                                cstackCOMRAM 000001
___lwmod@divisor                                 cstackCOMRAM 000003
___param_bank                                    (abs)        000000
___rparam_used                                   (abs)        000001
___sp                                            stack        000000
___stack_hi                                      stack        000000
___stack_lo                                      stack        000000
__accesstop                                      (abs)        000060
__activetblptr                                   (abs)        000002
__end_of_ADC_Init                                text7        0066AA
__end_of_ADC_Read                                text10       006962
__end_of_Buzzer_Init                             text6        00663A
__end_of_Buzzer_Set                              text22       0066F6
__end_of_Buzzer_Should_Be_On                     text53       006734
__end_of_Buzzer_Update_By_MQ135                  text21       006668
__end_of_Display_Update                          text24       007A1C
__end_of_Fan_Get_Speed_By_MQ135                  text20       006B3C
__end_of_Fan_Get_Speed_By_MQ135_And_Humidity     text18       00691E
__end_of_Fan_PWM_Init                            text5        0066DA
__end_of_Fan_Set_Duty                            text15       007330
__end_of_Fan_Set_Speed                           text14       0071D8
__end_of_Font5x7                                 mediumconst  007EED
__end_of_Humidity_Get_Percentage                 text51       0067E4
__end_of_Humidity_Get_Text                       text44       00680C
__end_of_Humidity_Should_Turn_Fan_On             text19       006834
__end_of_I2C_Master_Init                         text4        0066C0
__end_of_I2C_Master_Start                        text35       00667E
__end_of_I2C_Master_Stop                         text34       006694
__end_of_I2C_Master_Wait                         text38       0067BC
__end_of_I2C_Master_Write                        text37       006754
__end_of_Light_Get_Leds_Count                    text43       006B96
__end_of_Light_Get_Level                         text42       006E7C
__end_of_Light_Get_Text                          text41       006F6E
__end_of_Light_LEDs_Update                       text13       006CC0
__end_of_Light_Process_ADC                       text23       006866
__end_of_MQ135_Get_Level                         text40       006EF0
__end_of_MQ135_Get_Text                          text39       006FEC
__end_of_Process_Components                      text11       006AE4
__end_of_Read_LM35_Temperature_X10               text9        006D96
__end_of_SSD1306_ClearDisplay                    text3        006A42
__end_of_SSD1306_ClearLine                       text29       006A90
__end_of_SSD1306_Command                         text33       006714
__end_of_SSD1306_Data                            text36       006644
__end_of_SSD1306_Init                            text2        0074AC
__end_of_SSD1306_SetCursor                       text32       0069F6
__end_of_SSD1306_StartData                       text31       006656
__end_of_SSD1306_StopData                        text30       006634
__end_of_SSD1306_WriteChar                       text28       0077B4
__end_of_SSD1306_WriteString                     text27       006BF4
__end_of_Startup_Test                            text8        0076A6
__end_of_System_Init                             text1        0069AA
__end_of_Temperature_LED_Update                  text12       006774
__end_of_Temperature_To_String                   text25       00708E
__end_of_UInt16_To_String                        text26       0073E6
__end_of___lldiv                                 text17       007132
__end_of___lmul                                  text16       006D2A
__end_of___lwdiv                                 text52       006E08
__end_of___lwmod                                 text50       006C58
__end_of__initialization                         cinit        00678C
__end_of_fputc                                   text48       007282
__end_of_main                                    text0        00759C
__end_of_putch                                   text49       00662E
__end_of_sprintf                                 text45       00689A
__end_of_vfpfcnvrt                               text47       007D0C
__end_of_vfprintf                                text46       0068DC
__initialization                                 cinit        006774
__mediumconst                                    mediumconst  007D0C
__pbssBANK0                                      bssBANK0     000087
__pbssCOMRAM                                     bssCOMRAM    000048
__pcinit                                         cinit        006774
__pcstackBANK0                                   cstackBANK0  000060
__pcstackCOMRAM                                  cstackCOMRAM 000001
__pmediumconst                                   mediumconst  007D0C
__ptext0                                         text0        0074AC
__ptext1                                         text1        006962
__ptext10                                        text10       00691E
__ptext11                                        text11       006A90
__ptext12                                        text12       006754
__ptext13                                        text13       006C58
__ptext14                                        text14       007132
__ptext15                                        text15       007282
__ptext16                                        text16       006CC0
__ptext17                                        text17       00708E
__ptext18                                        text18       0068DC
__ptext19                                        text19       00680C
__ptext2                                         text2        0073E6
__ptext20                                        text20       006AE4
__ptext21                                        text21       006656
__ptext22                                        text22       0066DA
__ptext23                                        text23       006834
__ptext24                                        text24       0077B4
__ptext25                                        text25       006FEC
__ptext26                                        text26       007330
__ptext27                                        text27       006B96
__ptext28                                        text28       0076A6
__ptext29                                        text29       006A42
__ptext3                                         text3        0069F6
__ptext30                                        text30       00662E
__ptext31                                        text31       006644
__ptext32                                        text32       0069AA
__ptext33                                        text33       0066F6
__ptext34                                        text34       00667E
__ptext35                                        text35       006668
__ptext36                                        text36       00663A
__ptext37                                        text37       006734
__ptext38                                        text38       006796
__ptext39                                        text39       006F6E
__ptext4                                         text4        0066AA
__ptext40                                        text40       006E7C
__ptext41                                        text41       006EF0
__ptext42                                        text42       006E08
__ptext43                                        text43       006B3C
__ptext44                                        text44       0067E4
__ptext45                                        text45       006866
__ptext46                                        text46       00689A
__ptext47                                        text47       007A1C
__ptext48                                        text48       0071D8
__ptext49                                        text49       00662C
__ptext5                                         text5        0066C0
__ptext50                                        text50       006BF4
__ptext51                                        text51       0067BC
__ptext52                                        text52       006D96
__ptext53                                        text53       006714
__ptext6                                         text6        006634
__ptext7                                         text7        006694
__ptext8                                         text8        00759C
__ptext9                                         text9        006D2A
__ramtop                                         ramtop       000800
__smallconst                                     mediumconst  007D0C
_dbuf                                            bssBANK0     000087
_fan_last_speed                                  bssCOMRAM    00004D
_flags                                           bssCOMRAM    00004C
_fputc                                           text48       0071D8
_main                                            text0        0074AC
_oled_column                                     bssCOMRAM    00004F
_oled_page                                       bssCOMRAM    00004E
_prec                                            bssCOMRAM    00004A
_putch                                           text49       00662C
_sprintf                                         text45       006866
_vfpfcnvrt                                       text47       007A1C
_vfprintf                                        text46       00689A
_width                                           bssCOMRAM    000048
end_of_initialization                            cinit        00678C
fputc@c                                          cstackCOMRAM 000001
fputc@fp                                         cstackCOMRAM 000003
intlevel0                                        text         000000
intlevel1                                        text         000000
intlevel2                                        text         000000
intlevel3                                        text         000000
isa$std                                          (abs)        000001
isa$xinst                                        (abs)        000000
main@fan_speed                                   cstackCOMRAM 00003F
main@humidity_adc                                cstackCOMRAM 000046
main@light_adc                                   cstackCOMRAM 000044
main@light_adc_raw                               cstackCOMRAM 00003D
main@mq135_adc                                   cstackCOMRAM 000042
main@temperature_x10                             cstackCOMRAM 000040
sprintf@ap                                       cstackCOMRAM 000023
sprintf@f                                        cstackCOMRAM 000024
sprintf@fmt                                      cstackCOMRAM 00001F
sprintf@s                                        cstackCOMRAM 00001E
stackhi                                          (abs)        000000
stacklo                                          (abs)        000000
start                                            init         007FFC
start_initialization                             cinit        006774
vfpfcnvrt@ap                                     cstackCOMRAM 00000B
vfpfcnvrt@c                                      cstackCOMRAM 000017
vfpfcnvrt@convarg                                cstackCOMRAM 000013
vfpfcnvrt@cp                                     cstackCOMRAM 000011
vfpfcnvrt@cp_1644                                cstackCOMRAM 000010
vfpfcnvrt@done                                   cstackCOMRAM 00000F
vfpfcnvrt@fmt                                    cstackCOMRAM 00000A
vfpfcnvrt@fp                                     cstackCOMRAM 000009
vfprintf@ap                                      cstackCOMRAM 00001B
vfprintf@cfmt                                    cstackCOMRAM 00001C
vfprintf@fmt                                     cstackCOMRAM 000019
vfprintf@fp                                      cstackCOMRAM 000018


MODULE INFORMATION

Module		Function		Class		Link	Load	Size
mq135.c
		_MQ135_Get_Text		CODE           	6F6E	0000	126
		_MQ135_Get_Level		CODE           	6E7C	0000	116

mq135.c estimated size: 242

C:\Program Files\Microchip\xc8\v3.10\pic\sources\c99\common\lwmod.c
		___lwmod       		CODE           	6BF4	0000	100

C:\Program Files\Microchip\xc8\v3.10\pic\sources\c99\common\lwmod.c estimated size: 100

buzzer.c
		_Buzzer_Init   		CODE           	6634	0000	6
		_Buzzer_Should_Be_On		CODE           	6714	0000	32
		_Buzzer_Update_By_MQ135		CODE           	6656	0000	18
		_Buzzer_Set    		CODE           	66DA	0000	28

buzzer.c estimated size: 84

C:\Program Files\Microchip\xc8\v3.10\pic\sources\c99\common\putch.c
		_putch         		CODE           	662C	0000	2

C:\Program Files\Microchip\xc8\v3.10\pic\sources\c99\common\putch.c estimated size: 2

C:\Program Files\Microchip\xc8\v3.10\pic\sources\c99\common\Umul32.c
		___lmul        		CODE           	6CC0	0000	106

C:\Program Files\Microchip\xc8\v3.10\pic\sources\c99\common\Umul32.c estimated size: 106

ssd1306.c
		_SSD1306_Data  		CODE           	663A	0000	10
		_SSD1306_Init  		CODE           	73E6	0000	198
		_SSD1306_StopData		CODE           	662E	0000	6
		_SSD1306_WriteString		CODE           	6B96	0000	94
		_SSD1306_StartData		CODE           	6644	0000	18
		_SSD1306_ClearLine		CODE           	6A42	0000	78
		_SSD1306_ClearDisplay		CODE           	69F6	0000	76
		_SSD1306_WriteChar		CODE           	76A6	0000	270
		_SSD1306_SetCursor		CODE           	69AA	0000	76
		_SSD1306_Command		CODE           	66F6	0000	30

ssd1306.c estimated size: 856

C:\Program Files\Microchip\xc8\v3.10\pic\sources\c99\common\lwdiv.c
		___lwdiv       		CODE           	6D96	0000	114

C:\Program Files\Microchip\xc8\v3.10\pic\sources\c99\common\lwdiv.c estimated size: 114

adc.c
		_ADC_Read      		CODE           	691E	0000	68
		_ADC_Init      		CODE           	6694	0000	22

adc.c estimated size: 90

i2c_master.c
		_I2C_Master_Wait		CODE           	6796	0000	38
		_I2C_Master_Init		CODE           	66AA	0000	22
		_I2C_Master_Stop		CODE           	667E	0000	22
		_I2C_Master_Write		CODE           	6734	0000	32
		_I2C_Master_Start		CODE           	6668	0000	22

i2c_master.c estimated size: 136

fan_pwm.c
		_Fan_Get_Speed_By_MQ135		CODE           	6AE4	0000	88
		_Fan_PWM_Init  		CODE           	66C0	0000	26
		_Fan_Set_Duty  		CODE           	7282	0000	174
		_Fan_Set_Speed 		CODE           	7132	0000	166

fan_pwm.c estimated size: 454

C:\Program Files\Microchip\xc8\v3.10\pic\sources\c99\common\nf_sprintf.c
		_sprintf       		CODE           	6866	0000	52

C:\Program Files\Microchip\xc8\v3.10\pic\sources\c99\common\nf_sprintf.c estimated size: 52

humidity_sensor.c
		_Humidity_Should_Turn_Fan_On		CODE           	680C	0000	40
		_Humidity_Get_Text		CODE           	67E4	0000	40
		_Humidity_Get_Percentage		CODE           	67BC	0000	40

humidity_sensor.c estimated size: 120

shared
		_Font5x7       		MEDIUMCONST    	7D0D	0000	480
		__initialization		CODE           	6774	0000	24

shared estimated size: 504

C:\Program Files\Microchip\xc8\v3.10\pic\sources\c99\common\nf_fputc.c
		_fputc         		CODE           	71D8	0000	170

C:\Program Files\Microchip\xc8\v3.10\pic\sources\c99\common\nf_fputc.c estimated size: 170

light_sensor.c
		_Light_Get_Text		CODE           	6EF0	0000	126
		_Light_Get_Leds_Count		CODE           	6B3C	0000	90
		_Light_Get_Level		CODE           	6E08	0000	116
		_Light_Process_ADC		CODE           	6834	0000	50

light_sensor.c estimated size: 382

C:\Program Files\Microchip\xc8\v3.10\pic\sources\c99\common\__lldiv.c
		___lldiv       		CODE           	708E	0000	164

C:\Program Files\Microchip\xc8\v3.10\pic\sources\c99\common\__lldiv.c estimated size: 164

C:\Program Files\Microchip\xc8\v3.10\pic\sources\c99\common\doprnt.c
		_vfpfcnvrt     		CODE           	7A1C	0000	752
		_vfprintf      		CODE           	689A	0000	66

C:\Program Files\Microchip\xc8\v3.10\pic\sources\c99\common\doprnt.c estimated size: 818

main.c
		_Display_Update		CODE           	77B4	0000	616
		_Temperature_To_String		CODE           	6FEC	0000	162
		_main          		CODE           	74AC	0000	240
		_Fan_Get_Speed_By_MQ135_And_Humidity		CODE           	68DC	0000	66
		_Temperature_LED_Update		CODE           	6754	0000	32
		_Read_LM35_Temperature_X10		CODE           	6D2A	0000	108
		_Process_Components		CODE           	6A90	0000	84
		_Light_LEDs_Update		CODE           	6C58	0000	104
		_System_Init   		CODE           	6962	0000	72
		_UInt16_To_String		CODE           	7330	0000	182
		_Startup_Test  		CODE           	759C	0000	266

main.c estimated size: 1932

