Microchip MPLAB XC8 Compiler V3.10

Linker command line:

-W-3 \
  --edf=C:\Program Files\Microchip\xc8\v3.10\pic\dat\20250813170317_en.msgs \
  -cn -h+dist/default/production\practica2.X.production.sym \
  --cmf=dist/default/production\practica2.X.production.cmf -z -Q18F4550 \
  -oC:\Users\JOHAN\AppData\Local\Temp\xcAsbu4.0\driver_tmp_3.o \
  --defsym=__MPLAB_BUILD=1 --fixupoverflow=error \
  -Mdist/default/production/practica2.X.production.map \
  --md=C:\Users\JOHAN\AppData\Local\Temp\xcAsbu4.0\driver_tmp_0.dat -E1 \
  -ver=XC8 Compiler -ACODE=00h-07FFFh -ACONST=00h-07FFFh \
  -ASMALLCONST=0800h-08FFhx120 -AMEDIUMCONST=0800h-07FFFh -ACOMRAM=01h-05Fh \
  -AABS1=00h-07FFh -ABIGRAM=01h-07FFh -ARAM=060h-0FFh,0100h-01FFhx7 \
  -ABANK0=060h-0FFh -ABANK1=0100h-01FFh -ABANK2=0200h-02FFh \
  -ABANK3=0300h-03FFh -ABANK4=0400h-04FFh -ABANK5=0500h-05FFh \
  -ABANK6=0600h-06FFh -ABANK7=0700h-07FFh -ASFR=0F60h-0FFFh \
  -ABIGSFR=0F60h-0FFFh -ACONFIG=0300000h-030000Dh -AIDLOC=0200000h-0200007h \
  -AEEDATA=0F00000h-0F000FFh -peeprom_data=EEDATA \
  -preset_vec=00h,intcode=8h,intcodelo=18h,sivt_lo,sivt_hi=CODE \
  -ppowerup=CODE,init -pramtop=0800h -psmallconst=SMALLCONST \
  -pmediumconst=MEDIUMCONST -pconst=CONST -AFARRAM=00h-00h \
  -prdata=COMRAM,nvrram=COMRAM,nvbit=COMRAM,rbss=COMRAM,rbit=COMRAM \
  -pfarbss=FARRAM,fardata=FARRAM,nvFARRAM=FARRAM \
  -pintsave_regs=BIGRAM,bigbss=BIGRAM,bigdata=BIGRAM -pbss=RAM \
  -pidata=CODE,irdata=CODE,ibigdata=CODE,ifardata=CODE -prparam=COMRAM \
  C:\Users\JOHAN\AppData\Local\Temp\xcAsbu4.0\driver_tmp_9.o \
  dist/default/production\practica2.X.production.o 

Object code version is 3.11

Machine type is 18F4550



                Name                               Link     Load   Length Selector   Space Scale
C:\Users\JOHAN\AppData\Local\Temp\xcAsbu4.0\driver_tmp_9.o
                config                           300000   300000        E        0       4
                init                               7FFC     7FFC        4     3FFE       0
                reset_vec                             0        0        4        0       0
dist/default/production\practica2.X.production.o
                config                           300000   300000        E        0       4
                mediumconst                        7D04     7D04      2F8     3E82       0
                text47                             6B68     6B68       20     35B4       0
                text46                             6C0E     6C0E       2C     3607       0
                text45                             6ECC     6ECC       5A     3766       0
                text44                             7198     7198       74     38CC       0
                text43                             7280     7280       7E     3940       0
                text42                             720C     720C       74     3906       0
                text41                             72FE     72FE       7E     397F       0
                text40                             6BE8     6BE8       26     35F4       0
                text39                             6B88     6B88       20     35C4       0
                text38                             6A7E     6A7E        A     353F       0
                text37                             6ABC     6ABC       16     355E       0
                text36                             6AD2     6AD2       16     3569       0
                text35                             6B4A     6B4A       1E     35A5       0
                text34                             6D3A     6D3A       4C     369D       0
                text33                             6A98     6A98       12     354C       0
                text32                             6A72     6A72        6     3539       0
                text31                             6DD2     6DD2       4E     36E9       0
                text30                             798C     798C      10E     3CC6       0
                text29                             6F26     6F26       5E     3793       0
                text28                             7126     7126       72     3893       0
                text27                             6F84     6F84       64     37C2       0
                text26                             7616     7616       B6     3B0B       0
                text25                             737C     737C       A2     39BE       0
                text24                             7A9A     7A9A      26A     3D4D       0
                text23                             6C3A     6C3A       32     361D       0
                text22                             6B2E     6B2E       1C     3597       0
                text21                             6AAA     6AAA       12     3555       0
                text20                             6E74     6E74       58     373A       0
                text19                             6BA8     6BA8       20     35D4       0
                text18                             6C6C     6C6C       42     3636       0
                text17                             741E     741E       A4     3A0F       0
                text16                             7050     7050       6A     3828       0
                text15                             7568     7568       AE     3AB4       0
                text14                             74C2     74C2       A6     3A61       0
                text13                             6FE8     6FE8       68     37F4       0
                text12                             6BC8     6BC8       20     35E4       0
                text11                             6E20     6E20       54     3710       0
                text10                             6CAE     6CAE       44     3657       0
                text9                              70BA     70BA       6C     385D       0
                text8                              7882     7882      10A     3C41       0
                text7                              6AE8     6AE8       16     3574       0
                text6                              6A78     6A78        6     353C       0
                text5                              6B14     6B14       1A     358A       0
                text4                              6AFE     6AFE       16     357F       0
                text3                              6D86     6D86       4C     36C3       0
                text2                              76CC     76CC       C6     3B66       0
                text1                              6CF2     6CF2       48     3679       0
                text0                              7792     7792       F0     3BC9       0
                cstackCOMRAM                          1        1       53        1       1
                bssCOMRAM                            54       54        3        1       1
                cinit                              6A88     6A88       10     3544       0

TOTAL           Name                               Link     Load   Length     Space
        CLASS   CODE           
                init                               7FFC     7FFC        4         0
                reset_vec                             0        0        4         0
                text47                             6B68     6B68       20         0
                text46                             6C0E     6C0E       2C         0
                text45                             6ECC     6ECC       5A         0
                text44                             7198     7198       74         0
                text43                             7280     7280       7E         0
                text42                             720C     720C       74         0
                text41                             72FE     72FE       7E         0
                text40                             6BE8     6BE8       26         0
                text39                             6B88     6B88       20         0
                text38                             6A7E     6A7E        A         0
                text37                             6ABC     6ABC       16         0
                text36                             6AD2     6AD2       16         0
                text35                             6B4A     6B4A       1E         0
                text34                             6D3A     6D3A       4C         0
                text33                             6A98     6A98       12         0
                text32                             6A72     6A72        6         0
                text31                             6DD2     6DD2       4E         0
                text30                             798C     798C      10E         0
                text29                             6F26     6F26       5E         0
                text28                             7126     7126       72         0
                text27                             6F84     6F84       64         0
                text26                             7616     7616       B6         0
                text25                             737C     737C       A2         0
                text24                             7A9A     7A9A      26A         0
                text23                             6C3A     6C3A       32         0
                text22                             6B2E     6B2E       1C         0
                text21                             6AAA     6AAA       12         0
                text20                             6E74     6E74       58         0
                text19                             6BA8     6BA8       20         0
                text18                             6C6C     6C6C       42         0
                text17                             741E     741E       A4         0
                text16                             7050     7050       6A         0
                text15                             7568     7568       AE         0
                text14                             74C2     74C2       A6         0
                text13                             6FE8     6FE8       68         0
                text12                             6BC8     6BC8       20         0
                text11                             6E20     6E20       54         0
                text10                             6CAE     6CAE       44         0
                text9                              70BA     70BA       6C         0
                text8                              7882     7882      10A         0
                text7                              6AE8     6AE8       16         0
                text6                              6A78     6A78        6         0
                text5                              6B14     6B14       1A         0
                text4                              6AFE     6AFE       16         0
                text3                              6D86     6D86       4C         0
                text2                              76CC     76CC       C6         0
                text1                              6CF2     6CF2       48         0
                text0                              7792     7792       F0         0
                cinit                              6A88     6A88       10         0

        CLASS   CONST          

        CLASS   SMALLCONST     

        CLASS   MEDIUMCONST    
                mediumconst                        7D04     7D04      2F8         0

        CLASS   COMRAM         
                cstackCOMRAM                          1        1       53         1
                bssCOMRAM                            54       54        3         1

        CLASS   ABS1           

        CLASS   BIGRAM         

        CLASS   RAM            

        CLASS   BANK0          

        CLASS   BANK1          

        CLASS   BANK2          

        CLASS   BANK3          

        CLASS   BANK4          

        CLASS   BANK5          

        CLASS   BANK6          

        CLASS   BANK7          

        CLASS   SFR            

        CLASS   BIGSFR         

        CLASS   CONFIG         
                config                           300000   300000        E         4

        CLASS   IDLOC          

        CLASS   EEDATA         

        CLASS   FARRAM         

        CLASS   HEAP           

        CLASS   STACK          



SEGMENTS        Name                           Load    Length   Top    Selector   Space  Class

                reset_vec                      000000  000004  000004         0       0  CODE    
                cstackCOMRAM                   000001  000056  000057         1       1  COMRAM  
                text32                         006A72  000006  006A78      3539       0  CODE    
                text6                          006A78  000006  006A7E      353C       0  CODE    
                text38                         006A7E  00000A  006A88      353F       0  CODE    
                cinit                          006A88  000010  006A98      3544       0  CODE    
                text33                         006A98  000012  006AAA      354C       0  CODE    
                text21                         006AAA  000012  006ABC      3555       0  CODE    
                text37                         006ABC  000016  006AD2      355E       0  CODE    
                text36                         006AD2  000016  006AE8      3569       0  CODE    
                text7                          006AE8  000016  006AFE      3574       0  CODE    
                text4                          006AFE  000016  006B14      357F       0  CODE    
                text5                          006B14  00001A  006B2E      358A       0  CODE    
                text22                         006B2E  00001C  006B4A      3597       0  CODE    
                text35                         006B4A  00001E  006B68      35A5       0  CODE    
                text47                         006B68  000020  006B88      35B4       0  CODE    
                text39                         006B88  000020  006BA8      35C4       0  CODE    
                text19                         006BA8  000020  006BC8      35D4       0  CODE    
                text12                         006BC8  000020  006BE8      35E4       0  CODE    
                text40                         006BE8  000026  006C0E      35F4       0  CODE    
                text46                         006C0E  00002C  006C3A      3607       0  CODE    
                text23                         006C3A  000032  006C6C      361D       0  CODE    
                text18                         006C6C  000042  006CAE      3636       0  CODE    
                text10                         006CAE  000044  006CF2      3657       0  CODE    
                text1                          006CF2  000048  006D3A      3679       0  CODE    
                text34                         006D3A  00004C  006D86      369D       0  CODE    
                text3                          006D86  00004C  006DD2      36C3       0  CODE    
                text31                         006DD2  00004E  006E20      36E9       0  CODE    
                text11                         006E20  000054  006E74      3710       0  CODE    
                text20                         006E74  000058  006ECC      373A       0  CODE    
                text45                         006ECC  00005A  006F26      3766       0  CODE    
                text29                         006F26  00005E  006F84      3793       0  CODE    
                text27                         006F84  000064  006FE8      37C2       0  CODE    
                text13                         006FE8  000068  007050      37F4       0  CODE    
                text16                         007050  00006A  0070BA      3828       0  CODE    
                text9                          0070BA  00006C  007126      385D       0  CODE    
                text28                         007126  000072  007198      3893       0  CODE    
                text44                         007198  000074  00720C      38CC       0  CODE    
                text42                         00720C  000074  007280      3906       0  CODE    
                text43                         007280  00007E  0072FE      3940       0  CODE    
                text41                         0072FE  00007E  00737C      397F       0  CODE    
                text25                         00737C  0000A2  00741E      39BE       0  CODE    
                text17                         00741E  0000A4  0074C2      3A0F       0  CODE    
                text14                         0074C2  0000A6  007568      3A61       0  CODE    
                text15                         007568  0000AE  007616      3AB4       0  CODE    
                text26                         007616  0000B6  0076CC      3B0B       0  CODE    
                text2                          0076CC  0000C6  007792      3B66       0  CODE    
                text0                          007792  0000F0  007882      3BC9       0  CODE    
                text8                          007882  00010A  00798C      3C41       0  CODE    
                text30                         00798C  00010E  007A9A      3CC6       0  CODE    
                text24                         007A9A  00026A  007D04      3D4D       0  CODE    
                mediumconst                    007D04  0002F8  007FFC      3E82       0  MEDIUMCO
                init                           007FFC  000004  008000      3FFE       0  CODE    


UNUSED ADDRESS RANGES

        Name                Unused          Largest block    Delta
        BANK0            000060-0000FF               A0
        BANK1            000100-0001FF              100
        BANK2            000200-0002FF              100
        BANK3            000300-0003FF              100
        BANK4            000400-0004FF              100
        BANK5            000500-0005FF              100
        BANK6            000600-0006FF              100
        BANK7            000700-0007FF              100
        BIGRAM           000057-0007FF              7A9
        BIGSFR           000F60-000FFF               A0
        CODE             000004-006A71             6A6E
        COMRAM           000057-00005F                9
        CONST            000004-006A71             6A6E
        EEDATA           F00000-F000FF              100
        IDLOC            200000-200007                8
        MEDIUMCONST      000800-006A71             6272
        RAM              000060-0007FF              100
        SFR              000F60-000FFF               A0
        SMALLCONST       000800-006A71              100

                                  Symbol Table

?_ADC_Read                                       cstackCOMRAM 000001
?_Humidity_Get_Text                              cstackCOMRAM 000001
?_Light_Get_Text                                 cstackCOMRAM 000001
?_Light_Process_ADC                              cstackCOMRAM 000001
?_MQ135_Get_Text                                 cstackCOMRAM 000001
?_Read_LM35_Temperature_X10                      cstackCOMRAM 00001A
?___lldiv                                        cstackCOMRAM 00000D
?___lmul                                         cstackCOMRAM 000001
?___lwdiv                                        cstackCOMRAM 000001
?___lwmod                                        cstackCOMRAM 000001
ADC_Read@channel                                 cstackCOMRAM 000005
Buzzer_Set@state                                 cstackCOMRAM 000003
Buzzer_Should_Be_On@mq135_adc                    cstackCOMRAM 000001
Buzzer_Update_By_MQ135@mq135_adc                 cstackCOMRAM 000004
Display_Update@fan_speed                         cstackCOMRAM 000029
Display_Update@humidity_adc                      cstackCOMRAM 000027
Display_Update@humidity_text                     cstackCOMRAM 00003E
Display_Update@leds_count                        cstackCOMRAM 000045
Display_Update@light_adc                         cstackCOMRAM 000025
Display_Update@light_level                       cstackCOMRAM 000046
Display_Update@light_text                        cstackCOMRAM 000038
Display_Update@mq135_adc                         cstackCOMRAM 000023
Display_Update@mq_level                          cstackCOMRAM 000044
Display_Update@mq_text                           cstackCOMRAM 000032
Display_Update@temp_text                         cstackCOMRAM 00002A
Display_Update@temperature_x10                   cstackCOMRAM 000021
Fan_Get_Speed_By_MQ135@mq135_adc                 cstackCOMRAM 000001
Fan_Get_Speed_By_MQ135_And_Humidity@fan_speed    cstackCOMRAM 000007
Fan_Get_Speed_By_MQ135_And_Humidity@humidity_adc cstackCOMRAM 000005
Fan_Get_Speed_By_MQ135_And_Humidity@mq135_adc    cstackCOMRAM 000003
Fan_Set_Duty@duty_counts                         cstackCOMRAM 00001D
Fan_Set_Duty@duty_percent                        cstackCOMRAM 00001C
Fan_Set_Speed@speed                              cstackCOMRAM 000021
Humidity_Get_Text@humidity_adc                   cstackCOMRAM 000001
Humidity_Should_Turn_Fan_On@humidity_adc         cstackCOMRAM 000001
I2C_Master_Init@clock_hz                         cstackCOMRAM 000001
I2C_Master_Write@data                            cstackCOMRAM 000002
Light_Get_Leds_Count@level                       cstackCOMRAM 000001
Light_Get_Level@light_value                      cstackCOMRAM 000001
Light_Get_Text@level                             cstackCOMRAM 000003
Light_LEDs_Update@leds_count                     cstackCOMRAM 000001
Light_Process_ADC@light_value                    cstackCOMRAM 000003
Light_Process_ADC@raw_adc                        cstackCOMRAM 000001
MQ135_Get_Level@adc_value                        cstackCOMRAM 000001
MQ135_Get_Text@level                             cstackCOMRAM 000003
Process_Components@fan_speed                     cstackCOMRAM 00002C
Process_Components@humidity_adc                  cstackCOMRAM 000028
Process_Components@leds_count                    cstackCOMRAM 00002B
Process_Components@light_adc                     cstackCOMRAM 000022
Process_Components@light_level                   cstackCOMRAM 00002A
Process_Components@mq135_adc                     cstackCOMRAM 000026
Process_Components@temperature_x10               cstackCOMRAM 000024
Read_LM35_Temperature_X10@adc_value              cstackCOMRAM 000020
Read_LM35_Temperature_X10@temperature_x10        cstackCOMRAM 00001C
SSD1306_ClearDisplay@column                      cstackCOMRAM 000006
SSD1306_ClearDisplay@page                        cstackCOMRAM 000007
SSD1306_ClearLine@column                         cstackCOMRAM 000006
SSD1306_ClearLine@page                           cstackCOMRAM 000007
SSD1306_Command@command                          cstackCOMRAM 000003
SSD1306_Data@data                                cstackCOMRAM 000003
SSD1306_SetCursor@column                         cstackCOMRAM 000005
SSD1306_SetCursor@page                           cstackCOMRAM 000004
SSD1306_WriteChar@c                              cstackCOMRAM 00000C
SSD1306_WriteChar@character                      cstackCOMRAM 00000E
SSD1306_WriteChar@i                              cstackCOMRAM 00000D
SSD1306_WriteChar@index                          cstackCOMRAM 00000A
SSD1306_WriteString@str                          cstackCOMRAM 00000F
Temperature_LED_Update@temperature_x10           cstackCOMRAM 000001
Temperature_To_String@buffer                     cstackCOMRAM 000015
Temperature_To_String@decimal_part               cstackCOMRAM 00001E
Temperature_To_String@i                          cstackCOMRAM 000020
Temperature_To_String@integer_part               cstackCOMRAM 00001C
Temperature_To_String@integer_text               cstackCOMRAM 000016
Temperature_To_String@temperature_x10            cstackCOMRAM 000013
UInt16_To_String@buffer                          cstackCOMRAM 00000A
UInt16_To_String@i                               cstackCOMRAM 000012
UInt16_To_String@j                               cstackCOMRAM 000011
UInt16_To_String@temp                            cstackCOMRAM 00000B
UInt16_To_String@value                           cstackCOMRAM 000008
_ADCON0                                          (abs)        000FC2
_ADCON0bits                                      (abs)        000FC2
_ADCON1                                          (abs)        000FC1
_ADCON2                                          (abs)        000FC0
_ADC_Init                                        text7        006AE8
_ADC_Read                                        text10       006CAE
_ADRESH                                          (abs)        000FC4
_ADRESL                                          (abs)        000FC3
_Buzzer_Init                                     text6        006A78
_Buzzer_Set                                      text22       006B2E
_Buzzer_Should_Be_On                             text47       006B68
_Buzzer_Update_By_MQ135                          text21       006AAA
_CCP1CON                                         (abs)        000FBD
_CCPR1L                                          (abs)        000FBE
_CMCON                                           (abs)        000FB4
_CVRCON                                          (abs)        000FB5
_Display_Update                                  text24       007A9A
_Fan_Get_Speed_By_MQ135                          text20       006E74
_Fan_Get_Speed_By_MQ135_And_Humidity             text18       006C6C
_Fan_PWM_Init                                    text5        006B14
_Fan_Set_Duty                                    text15       007568
_Fan_Set_Speed                                   text14       0074C2
_Font5x7                                         mediumconst  007D05
_Humidity_Get_Text                               text46       006C0E
_Humidity_Should_Turn_Fan_On                     text19       006BA8
_I2C_Master_Init                                 text4        006AFE
_I2C_Master_Start                                text37       006ABC
_I2C_Master_Stop                                 text36       006AD2
_I2C_Master_Wait                                 text40       006BE8
_I2C_Master_Write                                text39       006B88
_LATCbits                                        (abs)        000F8B
_LATDbits                                        (abs)        000F8C
_Light_Get_Leds_Count                            text45       006ECC
_Light_Get_Level                                 text44       007198
_Light_Get_Text                                  text43       007280
_Light_LEDs_Update                               text13       006FE8
_Light_Process_ADC                               text23       006C3A
_MQ135_Get_Level                                 text42       00720C
_MQ135_Get_Text                                  text41       0072FE
_OSCCON                                          (abs)        000FD3
_PIR1bits                                        (abs)        000F9E
_PR2                                             (abs)        000FCB
_Process_Components                              text11       006E20
_Read_LM35_Temperature_X10                       text9        0070BA
_SSD1306_ClearDisplay                            text3        006D86
_SSD1306_ClearLine                               text31       006DD2
_SSD1306_Command                                 text35       006B4A
_SSD1306_Data                                    text38       006A7E
_SSD1306_Init                                    text2        0076CC
_SSD1306_SetCursor                               text34       006D3A
_SSD1306_StartData                               text33       006A98
_SSD1306_StopData                                text32       006A72
_SSD1306_WriteChar                               text30       00798C
_SSD1306_WriteString                             text29       006F26
_SSPADD                                          (abs)        000FC8
_SSPBUF                                          (abs)        000FC9
_SSPCON1                                         (abs)        000FC6
_SSPCON2                                         (abs)        000FC5
_SSPCON2bits                                     (abs)        000FC5
_SSPSTAT                                         (abs)        000FC7
_SSPSTATbits                                     (abs)        000FC7
_Startup_Test                                    text8        007882
_System_Init                                     text1        006CF2
_T2CON                                           (abs)        000FCA
_TRISAbits                                       (abs)        000F92
_TRISBbits                                       (abs)        000F93
_TRISCbits                                       (abs)        000F94
_TRISDbits                                       (abs)        000F95
_Temperature_LED_Update                          text12       006BC8
_Temperature_To_String                           text25       00737C
_UInt16_To_String                                text26       007616
__HRAM                                           (abs)        000000
__H__absolute__                                  __absolute__ 000000
__Habs1                                          abs1         000000
__Hbank0                                         bank0        000000
__Hbank1                                         bank1        000000
__Hbank2                                         bank2        000000
__Hbank3                                         bank3        000000
__Hbank4                                         bank4        000000
__Hbank5                                         bank5        000000
__Hbank6                                         bank6        000000
__Hbank7                                         bank7        000000
__Hbigbss                                        bigbss       000000
__Hbigdata                                       bigdata      000000
__Hbigram                                        bigram       000000
__Hbigsfr                                        bigsfr       000000
__Hbss                                           bss          000000
__HbssCOMRAM                                     bssCOMRAM    000000
__Hcinit                                         cinit        000000
__Hclrtext                                       clrtext      000000
__Hcomram                                        comram       000000
__Hconfig                                        config       30000E
__Hconst                                         const        000000
__HcstackCOMRAM                                  cstackCOMRAM 000000
__Hdata                                          data         000000
__Heeprom_data                                   eeprom_data  000000
__Hfarbss                                        farbss       000000
__Hfardata                                       fardata      000000
__Hheap                                          heap         000000
__Hibigdata                                      ibigdata     000000
__Hidata                                         idata        000000
__Hidloc                                         idloc        000000
__Hifardata                                      ifardata     000000
__Hinit                                          init         008000
__Hintcode                                       intcode      000008
__Hintcode_body                                  intcode_body 000000
__Hintcodelo                                     intcodelo    000018
__Hintentry                                      intentry     000000
__Hintret                                        intret       000000
__Hintsave_regs                                  intsave_regs 000000
__Hirdata                                        irdata       000000
__Hmediumconst                                   mediumconst  007FFC
__HnvFARRAM                                      nvFARRAM     000000
__Hnvbit                                         nvbit        000000
__Hnvrram                                        nvrram       000000
__Hparam                                         rparam       000000
__Hpowerup                                       powerup      000000
__Hram                                           ram          000000
__Hramtop                                        ramtop       000800
__Hrbit                                          rbit         000000
__Hrbss                                          rbss         000000
__Hrdata                                         rdata        000000
__Hreset_vec                                     reset_vec    000004
__Hrparam                                        rparam       000000
__Hsfr                                           sfr          000000
__Hsivt_hi                                       sivt_hi      000000
__Hsivt_lo                                       sivt_lo      000018
__Hsmallconst                                    smallconst   000000
__Hspace_0                                       (abs)        008000
__Hspace_1                                       (abs)        000057
__Hspace_2                                       (abs)        000000
__Hspace_4                                       (abs)        60000E
__Hstack                                         stack        000000
__Hstruct                                        struct       000000
__Htemp                                          temp         000000
__Htext                                          text         000000
__Htext0                                         text0        000000
__Htext1                                         text1        000000
__Htext10                                        text10       000000
__Htext11                                        text11       000000
__Htext12                                        text12       000000
__Htext13                                        text13       000000
__Htext14                                        text14       000000
__Htext15                                        text15       000000
__Htext16                                        text16       000000
__Htext17                                        text17       000000
__Htext18                                        text18       000000
__Htext19                                        text19       000000
__Htext2                                         text2        000000
__Htext20                                        text20       000000
__Htext21                                        text21       000000
__Htext22                                        text22       000000
__Htext23                                        text23       000000
__Htext24                                        text24       000000
__Htext25                                        text25       000000
__Htext26                                        text26       000000
__Htext27                                        text27       000000
__Htext28                                        text28       000000
__Htext29                                        text29       000000
__Htext3                                         text3        000000
__Htext30                                        text30       000000
__Htext31                                        text31       000000
__Htext32                                        text32       000000
__Htext33                                        text33       000000
__Htext34                                        text34       000000
__Htext35                                        text35       000000
__Htext36                                        text36       000000
__Htext37                                        text37       000000
__Htext38                                        text38       000000
__Htext39                                        text39       000000
__Htext4                                         text4        000000
__Htext40                                        text40       000000
__Htext41                                        text41       000000
__Htext42                                        text42       000000
__Htext43                                        text43       000000
__Htext44                                        text44       000000
__Htext45                                        text45       000000
__Htext46                                        text46       000000
__Htext47                                        text47       000000
__Htext5                                         text5        000000
__Htext6                                         text6        000000
__Htext7                                         text7        000000
__Htext8                                         text8        000000
__Htext9                                         text9        000000
__LRAM                                           (abs)        000001
__L__absolute__                                  __absolute__ 000000
__Labs1                                          abs1         000000
__Lbank0                                         bank0        000000
__Lbank1                                         bank1        000000
__Lbank2                                         bank2        000000
__Lbank3                                         bank3        000000
__Lbank4                                         bank4        000000
__Lbank5                                         bank5        000000
__Lbank6                                         bank6        000000
__Lbank7                                         bank7        000000
__Lbigbss                                        bigbss       000000
__Lbigdata                                       bigdata      000000
__Lbigram                                        bigram       000000
__Lbigsfr                                        bigsfr       000000
__Lbss                                           bss          000000
__LbssCOMRAM                                     bssCOMRAM    000000
__Lcinit                                         cinit        000000
__Lclrtext                                       clrtext      000000
__Lcomram                                        comram       000000
__Lconfig                                        config       000000
__Lconst                                         const        000000
__LcstackCOMRAM                                  cstackCOMRAM 000000
__Ldata                                          data         000000
__Leeprom_data                                   eeprom_data  000000
__Lfarbss                                        farbss       000000
__Lfardata                                       fardata      000000
__Lheap                                          heap         000000
__Libigdata                                      ibigdata     000000
__Lidata                                         idata        000000
__Lidloc                                         idloc        000000
__Lifardata                                      ifardata     000000
__Linit                                          init         007FFC
__Lintcode                                       intcode      000008
__Lintcode_body                                  intcode_body 000000
__Lintcodelo                                     intcodelo    000018
__Lintentry                                      intentry     000000
__Lintret                                        intret       000000
__Lintsave_regs                                  intsave_regs 000000
__Lirdata                                        irdata       000000
__Lmediumconst                                   mediumconst  007D04
__LnvFARRAM                                      nvFARRAM     000000
__Lnvbit                                         nvbit        000000
__Lnvrram                                        nvrram       000000
__Lparam                                         rparam       000000
__Lpowerup                                       powerup      000000
__Lram                                           ram          000000
__Lramtop                                        ramtop       000800
__Lrbit                                          rbit         000000
__Lrbss                                          rbss         000000
__Lrdata                                         rdata        000000
__Lreset_vec                                     reset_vec    000000
__Lrparam                                        rparam       000000
__Lsfr                                           sfr          000000
__Lsivt_hi                                       sivt_hi      000000
__Lsivt_lo                                       sivt_lo      000018
__Lsmallconst                                    smallconst   000000
__Lspace_0                                       (abs)        000000
__Lspace_1                                       (abs)        000000
__Lspace_2                                       (abs)        000000
__Lspace_4                                       (abs)        000000
__Lstack                                         stack        000000
__Lstruct                                        struct       000000
__Ltemp                                          temp         000000
__Ltext                                          text         000000
__Ltext0                                         text0        000000
__Ltext1                                         text1        000000
__Ltext10                                        text10       000000
__Ltext11                                        text11       000000
__Ltext12                                        text12       000000
__Ltext13                                        text13       000000
__Ltext14                                        text14       000000
__Ltext15                                        text15       000000
__Ltext16                                        text16       000000
__Ltext17                                        text17       000000
__Ltext18                                        text18       000000
__Ltext19                                        text19       000000
__Ltext2                                         text2        000000
__Ltext20                                        text20       000000
__Ltext21                                        text21       000000
__Ltext22                                        text22       000000
__Ltext23                                        text23       000000
__Ltext24                                        text24       000000
__Ltext25                                        text25       000000
__Ltext26                                        text26       000000
__Ltext27                                        text27       000000
__Ltext28                                        text28       000000
__Ltext29                                        text29       000000
__Ltext3                                         text3        000000
__Ltext30                                        text30       000000
__Ltext31                                        text31       000000
__Ltext32                                        text32       000000
__Ltext33                                        text33       000000
__Ltext34                                        text34       000000
__Ltext35                                        text35       000000
__Ltext36                                        text36       000000
__Ltext37                                        text37       000000
__Ltext38                                        text38       000000
__Ltext39                                        text39       000000
__Ltext4                                         text4        000000
__Ltext40                                        text40       000000
__Ltext41                                        text41       000000
__Ltext42                                        text42       000000
__Ltext43                                        text43       000000
__Ltext44                                        text44       000000
__Ltext45                                        text45       000000
__Ltext46                                        text46       000000
__Ltext47                                        text47       000000
__Ltext5                                         text5        000000
__Ltext6                                         text6        000000
__Ltext7                                         text7        000000
__Ltext8                                         text8        000000
__Ltext9                                         text9        000000
__S0                                             (abs)        008000
__S1                                             (abs)        000057
__S4                                             (abs)        000000
__S5                                             (abs)        000000
___heap_hi                                       (abs)        000000
___heap_lo                                       (abs)        000000
___inthi_sp                                      stack        000000
___inthi_stack_hi                                stack        000000
___inthi_stack_lo                                stack        000000
___intlo_sp                                      stack        000000
___intlo_stack_hi                                stack        000000
___intlo_stack_lo                                stack        000000
___lldiv                                         text17       00741E
___lldiv@counter                                 cstackCOMRAM 000019
___lldiv@dividend                                cstackCOMRAM 00000D
___lldiv@divisor                                 cstackCOMRAM 000011
___lldiv@quotient                                cstackCOMRAM 000015
___lmul                                          text16       007050
___lmul@multiplicand                             cstackCOMRAM 000005
___lmul@multiplier                               cstackCOMRAM 000001
___lmul@product                                  cstackCOMRAM 000009
___lwdiv                                         text28       007126
___lwdiv@counter                                 cstackCOMRAM 000007
___lwdiv@dividend                                cstackCOMRAM 000001
___lwdiv@divisor                                 cstackCOMRAM 000003
___lwdiv@quotient                                cstackCOMRAM 000005
___lwmod                                         text27       006F84
___lwmod@counter                                 cstackCOMRAM 000005
___lwmod@dividend                                cstackCOMRAM 000001
___lwmod@divisor                                 cstackCOMRAM 000003
___param_bank                                    (abs)        000000
___rparam_used                                   (abs)        000001
___sp                                            stack        000000
___stack_hi                                      stack        000000
___stack_lo                                      stack        000000
__accesstop                                      (abs)        000060
__activetblptr                                   (abs)        000002
__end_of_ADC_Init                                text7        006AFE
__end_of_ADC_Read                                text10       006CF2
__end_of_Buzzer_Init                             text6        006A7E
__end_of_Buzzer_Set                              text22       006B4A
__end_of_Buzzer_Should_Be_On                     text47       006B88
__end_of_Buzzer_Update_By_MQ135                  text21       006ABC
__end_of_Display_Update                          text24       007D04
__end_of_Fan_Get_Speed_By_MQ135                  text20       006ECC
__end_of_Fan_Get_Speed_By_MQ135_And_Humidity     text18       006CAE
__end_of_Fan_PWM_Init                            text5        006B2E
__end_of_Fan_Set_Duty                            text15       007616
__end_of_Fan_Set_Speed                           text14       007568
__end_of_Font5x7                                 mediumconst  007EE5
__end_of_Humidity_Get_Text                       text46       006C3A
__end_of_Humidity_Should_Turn_Fan_On             text19       006BC8
__end_of_I2C_Master_Init                         text4        006B14
__end_of_I2C_Master_Start                        text37       006AD2
__end_of_I2C_Master_Stop                         text36       006AE8
__end_of_I2C_Master_Wait                         text40       006C0E
__end_of_I2C_Master_Write                        text39       006BA8
__end_of_Light_Get_Leds_Count                    text45       006F26
__end_of_Light_Get_Level                         text44       00720C
__end_of_Light_Get_Text                          text43       0072FE
__end_of_Light_LEDs_Update                       text13       007050
__end_of_Light_Process_ADC                       text23       006C6C
__end_of_MQ135_Get_Level                         text42       007280
__end_of_MQ135_Get_Text                          text41       00737C
__end_of_Process_Components                      text11       006E74
__end_of_Read_LM35_Temperature_X10               text9        007126
__end_of_SSD1306_ClearDisplay                    text3        006DD2
__end_of_SSD1306_ClearLine                       text31       006E20
__end_of_SSD1306_Command                         text35       006B68
__end_of_SSD1306_Data                            text38       006A88
__end_of_SSD1306_Init                            text2        007792
__end_of_SSD1306_SetCursor                       text34       006D86
__end_of_SSD1306_StartData                       text33       006AAA
__end_of_SSD1306_StopData                        text32       006A78
__end_of_SSD1306_WriteChar                       text30       007A9A
__end_of_SSD1306_WriteString                     text29       006F84
__end_of_Startup_Test                            text8        00798C
__end_of_System_Init                             text1        006D3A
__end_of_Temperature_LED_Update                  text12       006BE8
__end_of_Temperature_To_String                   text25       00741E
__end_of_UInt16_To_String                        text26       0076CC
__end_of___lldiv                                 text17       0074C2
__end_of___lmul                                  text16       0070BA
__end_of___lwdiv                                 text28       007198
__end_of___lwmod                                 text27       006FE8
__end_of__initialization                         cinit        006A8E
__end_of_main                                    text0        007882
__initialization                                 cinit        006A88
__mediumconst                                    mediumconst  007D04
__pbssCOMRAM                                     bssCOMRAM    000054
__pcinit                                         cinit        006A88
__pcstackCOMRAM                                  cstackCOMRAM 000001
__pmediumconst                                   mediumconst  007D04
__ptext0                                         text0        007792
__ptext1                                         text1        006CF2
__ptext10                                        text10       006CAE
__ptext11                                        text11       006E20
__ptext12                                        text12       006BC8
__ptext13                                        text13       006FE8
__ptext14                                        text14       0074C2
__ptext15                                        text15       007568
__ptext16                                        text16       007050
__ptext17                                        text17       00741E
__ptext18                                        text18       006C6C
__ptext19                                        text19       006BA8
__ptext2                                         text2        0076CC
__ptext20                                        text20       006E74
__ptext21                                        text21       006AAA
__ptext22                                        text22       006B2E
__ptext23                                        text23       006C3A
__ptext24                                        text24       007A9A
__ptext25                                        text25       00737C
__ptext26                                        text26       007616
__ptext27                                        text27       006F84
__ptext28                                        text28       007126
__ptext29                                        text29       006F26
__ptext3                                         text3        006D86
__ptext30                                        text30       00798C
__ptext31                                        text31       006DD2
__ptext32                                        text32       006A72
__ptext33                                        text33       006A98
__ptext34                                        text34       006D3A
__ptext35                                        text35       006B4A
__ptext36                                        text36       006AD2
__ptext37                                        text37       006ABC
__ptext38                                        text38       006A7E
__ptext39                                        text39       006B88
__ptext4                                         text4        006AFE
__ptext40                                        text40       006BE8
__ptext41                                        text41       0072FE
__ptext42                                        text42       00720C
__ptext43                                        text43       007280
__ptext44                                        text44       007198
__ptext45                                        text45       006ECC
__ptext46                                        text46       006C0E
__ptext47                                        text47       006B68
__ptext5                                         text5        006B14
__ptext6                                         text6        006A78
__ptext7                                         text7        006AE8
__ptext8                                         text8        007882
__ptext9                                         text9        0070BA
__ramtop                                         ramtop       000800
__smallconst                                     mediumconst  007D04
_fan_last_speed                                  bssCOMRAM    000054
_main                                            text0        007792
_oled_column                                     bssCOMRAM    000056
_oled_page                                       bssCOMRAM    000055
end_of_initialization                            cinit        006A8E
intlevel0                                        text         000000
intlevel1                                        text         000000
intlevel2                                        text         000000
intlevel3                                        text         000000
isa$std                                          (abs)        000001
isa$xinst                                        (abs)        000000
main@fan_speed                                   cstackCOMRAM 00004B
main@humidity_adc                                cstackCOMRAM 000052
main@light_adc                                   cstackCOMRAM 000050
main@light_adc_raw                               cstackCOMRAM 000049
main@mq135_adc                                   cstackCOMRAM 00004E
main@temperature_x10                             cstackCOMRAM 00004C
stackhi                                          (abs)        000000
stacklo                                          (abs)        000000
start                                            init         007FFC
start_initialization                             cinit        006A88


MODULE INFORMATION

Module		Function		Class		Link	Load	Size
mq135.c
		_MQ135_Get_Text		CODE           	72FE	0000	126
		_MQ135_Get_Level		CODE           	720C	0000	116

mq135.c estimated size: 242

C:\Program Files\Microchip\xc8\v3.10\pic\sources\c99\common\lwmod.c
		___lwmod       		CODE           	6F84	0000	100

C:\Program Files\Microchip\xc8\v3.10\pic\sources\c99\common\lwmod.c estimated size: 100

buzzer.c
		_Buzzer_Init   		CODE           	6A78	0000	6
		_Buzzer_Should_Be_On		CODE           	6B68	0000	32
		_Buzzer_Update_By_MQ135		CODE           	6AAA	0000	18
		_Buzzer_Set    		CODE           	6B2E	0000	28

buzzer.c estimated size: 84

C:\Program Files\Microchip\xc8\v3.10\pic\sources\c99\common\Umul32.c
		___lmul        		CODE           	7050	0000	106

C:\Program Files\Microchip\xc8\v3.10\pic\sources\c99\common\Umul32.c estimated size: 106

ssd1306.c
		_SSD1306_Data  		CODE           	6A7E	0000	10
		_SSD1306_Init  		CODE           	76CC	0000	198
		_SSD1306_StopData		CODE           	6A72	0000	6
		_SSD1306_WriteString		CODE           	6F26	0000	94
		_SSD1306_StartData		CODE           	6A98	0000	18
		_SSD1306_ClearLine		CODE           	6DD2	0000	78
		_SSD1306_ClearDisplay		CODE           	6D86	0000	76
		_SSD1306_WriteChar		CODE           	798C	0000	270
		_SSD1306_SetCursor		CODE           	6D3A	0000	76
		_SSD1306_Command		CODE           	6B4A	0000	30

ssd1306.c estimated size: 856

C:\Program Files\Microchip\xc8\v3.10\pic\sources\c99\common\lwdiv.c
		___lwdiv       		CODE           	7126	0000	114

C:\Program Files\Microchip\xc8\v3.10\pic\sources\c99\common\lwdiv.c estimated size: 114

adc.c
		_ADC_Read      		CODE           	6CAE	0000	68
		_ADC_Init      		CODE           	6AE8	0000	22

adc.c estimated size: 90

i2c_master.c
		_I2C_Master_Wait		CODE           	6BE8	0000	38
		_I2C_Master_Init		CODE           	6AFE	0000	22
		_I2C_Master_Stop		CODE           	6AD2	0000	22
		_I2C_Master_Write		CODE           	6B88	0000	32
		_I2C_Master_Start		CODE           	6ABC	0000	22

i2c_master.c estimated size: 136

fan_pwm.c
		_Fan_Get_Speed_By_MQ135		CODE           	6E74	0000	88
		_Fan_PWM_Init  		CODE           	6B14	0000	26
		_Fan_Set_Duty  		CODE           	7568	0000	174
		_Fan_Set_Speed 		CODE           	74C2	0000	166

fan_pwm.c estimated size: 454

humidity_sensor.c
		_Humidity_Should_Turn_Fan_On		CODE           	6BA8	0000	32
		_Humidity_Get_Text		CODE           	6C0E	0000	44

humidity_sensor.c estimated size: 76

shared
		_Font5x7       		MEDIUMCONST    	7D05	0000	480
		__initialization		CODE           	6A88	0000	6

shared estimated size: 486

light_sensor.c
		_Light_Get_Text		CODE           	7280	0000	126
		_Light_Get_Leds_Count		CODE           	6ECC	0000	90
		_Light_Get_Level		CODE           	7198	0000	116
		_Light_Process_ADC		CODE           	6C3A	0000	50

light_sensor.c estimated size: 382

C:\Program Files\Microchip\xc8\v3.10\pic\sources\c99\common\__lldiv.c
		___lldiv       		CODE           	741E	0000	164

C:\Program Files\Microchip\xc8\v3.10\pic\sources\c99\common\__lldiv.c estimated size: 164

main.c
		_Display_Update		CODE           	7A9A	0000	618
		_Temperature_To_String		CODE           	737C	0000	162
		_main          		CODE           	7792	0000	240
		_Fan_Get_Speed_By_MQ135_And_Humidity		CODE           	6C6C	0000	66
		_Temperature_LED_Update		CODE           	6BC8	0000	32
		_Read_LM35_Temperature_X10		CODE           	70BA	0000	108
		_Process_Components		CODE           	6E20	0000	84
		_Light_LEDs_Update		CODE           	6FE8	0000	104
		_System_Init   		CODE           	6CF2	0000	72
		_UInt16_To_String		CODE           	7616	0000	182
		_Startup_Test  		CODE           	7882	0000	266

main.c estimated size: 1934

