Microchip MPLAB XC8 Compiler V3.10

Linker command line:

-W-3 \
  --edf=C:\Program Files\Microchip\xc8\v3.10\pic\dat\20250813170317_en.msgs \
  -cn -h+dist/default/production\sensor_LDR.X.production.sym \
  --cmf=dist/default/production\sensor_LDR.X.production.cmf -z -Q18F4550 \
  -oC:\Users\JOHAN\AppData\Local\Temp\xcAscko.0\driver_tmp_3.o \
  --defsym=__MPLAB_BUILD=1 --fixupoverflow=error \
  -Mdist/default/production/sensor_LDR.X.production.map \
  --md=C:\Users\JOHAN\AppData\Local\Temp\xcAscko.0\driver_tmp_0.dat -E1 \
  -ver=XC8 Compiler -ACODE=00h-07FFFh -ACONST=00h-07FFFh \
  -ASMALLCONST=0800h-08FFhx120 -AMEDIUMCONST=0800h-07FFFh -ACOMRAM=01h-05Fh \
  -AABS1=00h-07FFh -ABIGRAM=01h-07FFh -ARAM=060h-0FFh,0100h-01FFhx7 \
  -ABANK0=060h-0FFh -ABANK1=0100h-01FFh -ABANK2=0200h-02FFh \
  -ABANK3=0300h-03FFh -ABANK4=0400h-04FFh -ABANK5=0500h-05FFh \
  -ABANK6=0600h-06FFh -ABANK7=0700h-07FFh -ASFR=0F60h-0FFFh \
  -ABIGSFR=0F60h-0FFFh -ACONFIG=0300000h-030000Dh -AIDLOC=0200000h-0200007h \
  -AEEDATA=0F00000h-0F000FFh -peeprom_data=EEDATA \
  -preset_vec=00h,intcode=8h,intcodelo=18h,sivt_lo,sivt_hi=CODE \
  -ppowerup=CODE,init -pramtop=0800h -psmallconst=SMALLCONST \
  -pmediumconst=MEDIUMCONST -pconst=CONST -AFARRAM=00h-00h \
  -prdata=COMRAM,nvrram=COMRAM,nvbit=COMRAM,rbss=COMRAM,rbit=COMRAM \
  -pfarbss=FARRAM,fardata=FARRAM,nvFARRAM=FARRAM \
  -pintsave_regs=BIGRAM,bigbss=BIGRAM,bigdata=BIGRAM -pbss=RAM \
  -pidata=CODE,irdata=CODE,ibigdata=CODE,ifardata=CODE -prparam=COMRAM \
  C:\Users\JOHAN\AppData\Local\Temp\xcAscko.0\driver_tmp_9.o \
  dist/default/production\sensor_LDR.X.production.o 

Object code version is 3.11

Machine type is 18F4550



                Name                               Link     Load   Length Selector   Space Scale
C:\Users\JOHAN\AppData\Local\Temp\xcAscko.0\driver_tmp_9.o
                config                           300000   300000        E        0       4
                init                               7FFC     7FFC        4     3FFE       0
                reset_vec                             0        0        4        0       0
dist/default/production\sensor_LDR.X.production.o
                config                           300000   300000        E        0       4
                smallconst                          800      800       76      400       0
                text20                             1018     1018       10      43B       0
                text19                              F00      F00       38      43B       0
                text18                             1002     1002       16      43B       0
                text17                              F38      F38       26      43B       0
                text16                              FEC      FEC       16      43B       0
                text15                              FD6      FD6       16      43B       0
                text14                              FBA      FBA       1C      43B       0
                text13                              F9C      F9C       1E      43B       0
                text12                              F7E      F7E       1E      43B       0
                text11                              F5E      F5E       20      43B       0
                text10                              EC6      EC6       3A      43B       0
                text9                               AAA      AAA       B4      43B       0
                text8                               B5E      B5E       A4      43B       0
                text7                               D9A      D9A       6A      43B       0
                text6                               876      876      17E      43B       0
                text5                               E68      E68       5E      43B       0
                text4                               D28      D28       72      43B       0
                text3                               E04      E04       64      43B       0
                text2                               9F4      9F4       B6      43B       0
                text1                               C02      C02       96      43B       0
                text0                               C98      C98       90      43B       0
                cstackCOMRAM                          1        1       20        1       1
                cinit                              1028     1028        A      43B       0

TOTAL           Name                               Link     Load   Length     Space
        CLASS   CODE           
                init                               7FFC     7FFC        4         0
                reset_vec                             0        0        4         0
                text20                             1018     1018       10         0
                text19                              F00      F00       38         0
                text18                             1002     1002       16         0
                text17                              F38      F38       26         0
                text16                              FEC      FEC       16         0
                text15                              FD6      FD6       16         0
                text14                              FBA      FBA       1C         0
                text13                              F9C      F9C       1E         0
                text12                              F7E      F7E       1E         0
                text11                              F5E      F5E       20         0
                text10                              EC6      EC6       3A         0
                text9                               AAA      AAA       B4         0
                text8                               B5E      B5E       A4         0
                text7                               D9A      D9A       6A         0
                text6                               876      876      17E         0
                text5                               E68      E68       5E         0
                text4                               D28      D28       72         0
                text3                               E04      E04       64         0
                text2                               9F4      9F4       B6         0
                text1                               C02      C02       96         0
                text0                               C98      C98       90         0
                cinit                              1028     1028        A         0

        CLASS   CONST          

        CLASS   SMALLCONST     
                smallconst                          800      800       76         0

        CLASS   MEDIUMCONST    

        CLASS   COMRAM         
                cstackCOMRAM                          1        1       20         1

        CLASS   ABS1           

        CLASS   BIGRAM         

        CLASS   RAM            

        CLASS   BANK0          

        CLASS   BANK1          

        CLASS   BANK2          

        CLASS   BANK3          

        CLASS   BANK4          

        CLASS   BANK5          

        CLASS   BANK6          

        CLASS   BANK7          

        CLASS   SFR            

        CLASS   BIGSFR         

        CLASS   CONFIG         
                config                           300000   300000        E         4

        CLASS   IDLOC          

        CLASS   EEDATA         

        CLASS   FARRAM         

        CLASS   HEAP           

        CLASS   STACK          



SEGMENTS        Name                           Load    Length   Top    Selector   Space  Class

                reset_vec                      000000  000004  000004         0       0  CODE    
                cstackCOMRAM                   000001  000020  000021         1       1  COMRAM  
                smallconst                     000800  000076  000876       400       0  SMALLCON
                text6                          000876  0007BC  001032       43B       0  CODE    
                init                           007FFC  000004  008000      3FFE       0  CODE    


UNUSED ADDRESS RANGES

        Name                Unused          Largest block    Delta
        BANK0            000060-0000FF               A0
        BANK1            000100-0001FF              100
        BANK2            000200-0002FF              100
        BANK3            000300-0003FF              100
        BANK4            000400-0004FF              100
        BANK5            000500-0005FF              100
        BANK6            000600-0006FF              100
        BANK7            000700-0007FF              100
        BIGRAM           000021-0007FF              7DF
        BIGSFR           000F60-000FFF               A0
        CODE             000004-0007FF              7FC
                         001032-007FFB             6FCA
        COMRAM           000021-00005F               3F
        CONST            000004-0007FF              7FC
                         001032-007FFB             6FCA
        EEDATA           F00000-F000FF              100
        IDLOC            200000-200007                8
        MEDIUMCONST      001032-007FFB             6FCA
        RAM              000060-0007FF              100
        SFR              000F60-000FFF               A0
        SMALLCONST       001032-007FFB              100

                                  Symbol Table

?_ADC_Read               cstackCOMRAM 000001
?___lldiv                cstackCOMRAM 00000D
?___lmul                 cstackCOMRAM 000001
?___lwdiv                cstackCOMRAM 000001
?___lwmod                cstackCOMRAM 000001
ADC_Read@channel         cstackCOMRAM 000005
I2C_Write@data           cstackCOMRAM 000002
OLED_Char@c              cstackCOMRAM 000005
OLED_Char@i              cstackCOMRAM 000006
OLED_Char@ptr            cstackCOMRAM 000007
OLED_Clear@col           cstackCOMRAM 000006
OLED_Clear@page          cstackCOMRAM 000007
OLED_Command@cmd         cstackCOMRAM 000003
OLED_Data@data           cstackCOMRAM 000003
OLED_SetCursor@col       cstackCOMRAM 000004
OLED_SetCursor@page      cstackCOMRAM 000005
OLED_String@str          cstackCOMRAM 000008
_ADCON0                  (abs)        000FC2
_ADCON0bits              (abs)        000FC2
_ADCON1                  (abs)        000FC1
_ADCON2                  (abs)        000FC0
_ADC_Init                text20       001018
_ADC_Read                text19       000F00
_ADRESH                  (abs)        000FC4
_ADRESL                  (abs)        000FC3
_I2C_Init                text18       001002
_I2C_Start               text16       000FEC
_I2C_Stop                text15       000FD6
_I2C_Wait                text17       000F38
_I2C_Write               text14       000FBA
_OLED_Char               text6        000876
_OLED_Clear              text10       000EC6
_OLED_Command            text12       000F7E
_OLED_Data               text13       000F9C
_OLED_Init               text9        000AAA
_OLED_SetCursor          text11       000F5E
_OLED_String             text5        000E68
_PIR1bits                (abs)        000F9E
_SSPADD                  (abs)        000FC8
_SSPBUF                  (abs)        000FC9
_SSPCON1                 (abs)        000FC6
_SSPCON2                 (abs)        000FC5
_SSPCON2bits             (abs)        000FC5
_SSPSTAT                 (abs)        000FC7
_SSPSTATbits             (abs)        000FC7
_TRISA                   (abs)        000F92
_TRISC                   (abs)        000F94
__HRAM                   (abs)        000000
__H__absolute__          __absolute__ 000000
__Habs1                  abs1         000000
__Hbank0                 bank0        000000
__Hbank1                 bank1        000000
__Hbank2                 bank2        000000
__Hbank3                 bank3        000000
__Hbank4                 bank4        000000
__Hbank5                 bank5        000000
__Hbank6                 bank6        000000
__Hbank7                 bank7        000000
__Hbigbss                bigbss       000000
__Hbigdata               bigdata      000000
__Hbigram                bigram       000000
__Hbigsfr                bigsfr       000000
__Hbss                   bss          000000
__Hcinit                 cinit        000000
__Hclrtext               clrtext      000000
__Hcomram                comram       000000
__Hconfig                config       30000E
__Hconst                 const        000000
__HcstackCOMRAM          cstackCOMRAM 000000
__Hdata                  data         000000
__Heeprom_data           eeprom_data  000000
__Hfarbss                farbss       000000
__Hfardata               fardata      000000
__Hheap                  heap         000000
__Hibigdata              ibigdata     000000
__Hidata                 idata        000000
__Hidloc                 idloc        000000
__Hifardata              ifardata     000000
__Hinit                  init         008000
__Hintcode               intcode      000008
__Hintcode_body          intcode_body 000000
__Hintcodelo             intcodelo    000018
__Hintentry              intentry     000000
__Hintret                intret       000000
__Hintsave_regs          intsave_regs 000000
__Hirdata                irdata       000000
__Hmediumconst           mediumconst  000000
__HnvFARRAM              nvFARRAM     000000
__Hnvbit                 nvbit        000000
__Hnvrram                nvrram       000000
__Hparam                 rparam       000000
__Hpowerup               powerup      000000
__Hram                   ram          000000
__Hramtop                ramtop       000800
__Hrbit                  rbit         000000
__Hrbss                  rbss         000000
__Hrdata                 rdata        000000
__Hreset_vec             reset_vec    000004
__Hrparam                rparam       000000
__Hsfr                   sfr          000000
__Hsivt_hi               sivt_hi      000000
__Hsivt_lo               sivt_lo      000018
__Hsmallconst            smallconst   000876
__Hspace_0               (abs)        008000
__Hspace_1               (abs)        000021
__Hspace_2               (abs)        000000
__Hspace_4               (abs)        60000E
__Hstack                 stack        000000
__Hstruct                struct       000000
__Htemp                  temp         000000
__Htext                  text         000000
__Htext0                 text0        000000
__Htext1                 text1        000000
__Htext10                text10       000000
__Htext11                text11       000000
__Htext12                text12       000000
__Htext13                text13       000000
__Htext14                text14       000000
__Htext15                text15       000000
__Htext16                text16       000000
__Htext17                text17       000000
__Htext18                text18       000000
__Htext19                text19       000000
__Htext2                 text2        000000
__Htext20                text20       000000
__Htext3                 text3        000000
__Htext4                 text4        000000
__Htext5                 text5        000000
__Htext6                 text6        000000
__Htext7                 text7        000000
__Htext8                 text8        000000
__Htext9                 text9        000000
__LRAM                   (abs)        000001
__L__absolute__          __absolute__ 000000
__Labs1                  abs1         000000
__Lbank0                 bank0        000000
__Lbank1                 bank1        000000
__Lbank2                 bank2        000000
__Lbank3                 bank3        000000
__Lbank4                 bank4        000000
__Lbank5                 bank5        000000
__Lbank6                 bank6        000000
__Lbank7                 bank7        000000
__Lbigbss                bigbss       000000
__Lbigdata               bigdata      000000
__Lbigram                bigram       000000
__Lbigsfr                bigsfr       000000
__Lbss                   bss          000000
__Lcinit                 cinit        000000
__Lclrtext               clrtext      000000
__Lcomram                comram       000000
__Lconfig                config       000000
__Lconst                 const        000000
__LcstackCOMRAM          cstackCOMRAM 000000
__Ldata                  data         000000
__Leeprom_data           eeprom_data  000000
__Lfarbss                farbss       000000
__Lfardata               fardata      000000
__Lheap                  heap         000000
__Libigdata              ibigdata     000000
__Lidata                 idata        000000
__Lidloc                 idloc        000000
__Lifardata              ifardata     000000
__Linit                  init         007FFC
__Lintcode               intcode      000008
__Lintcode_body          intcode_body 000000
__Lintcodelo             intcodelo    000018
__Lintentry              intentry     000000
__Lintret                intret       000000
__Lintsave_regs          intsave_regs 000000
__Lirdata                irdata       000000
__Lmediumconst           mediumconst  000000
__LnvFARRAM              nvFARRAM     000000
__Lnvbit                 nvbit        000000
__Lnvrram                nvrram       000000
__Lparam                 rparam       000000
__Lpowerup               powerup      000000
__Lram                   ram          000000
__Lramtop                ramtop       000800
__Lrbit                  rbit         000000
__Lrbss                  rbss         000000
__Lrdata                 rdata        000000
__Lreset_vec             reset_vec    000000
__Lrparam                rparam       000000
__Lsfr                   sfr          000000
__Lsivt_hi               sivt_hi      000000
__Lsivt_lo               sivt_lo      000018
__Lsmallconst            smallconst   000800
__Lspace_0               (abs)        000000
__Lspace_1               (abs)        000000
__Lspace_2               (abs)        000000
__Lspace_4               (abs)        000000
__Lstack                 stack        000000
__Lstruct                struct       000000
__Ltemp                  temp         000000
__Ltext                  text         000000
__Ltext0                 text0        000000
__Ltext1                 text1        000000
__Ltext10                text10       000000
__Ltext11                text11       000000
__Ltext12                text12       000000
__Ltext13                text13       000000
__Ltext14                text14       000000
__Ltext15                text15       000000
__Ltext16                text16       000000
__Ltext17                text17       000000
__Ltext18                text18       000000
__Ltext19                text19       000000
__Ltext2                 text2        000000
__Ltext20                text20       000000
__Ltext3                 text3        000000
__Ltext4                 text4        000000
__Ltext5                 text5        000000
__Ltext6                 text6        000000
__Ltext7                 text7        000000
__Ltext8                 text8        000000
__Ltext9                 text9        000000
__S0                     (abs)        008000
__S1                     (abs)        000021
__S4                     (abs)        000000
__S5                     (abs)        000000
___heap_hi               (abs)        000000
___heap_lo               (abs)        000000
___inthi_sp              stack        000000
___inthi_stack_hi        stack        000000
___inthi_stack_lo        stack        000000
___intlo_sp              stack        000000
___intlo_stack_hi        stack        000000
___intlo_stack_lo        stack        000000
___lldiv                 text8        000B5E
___lldiv@counter         cstackCOMRAM 000019
___lldiv@dividend        cstackCOMRAM 00000D
___lldiv@divisor         cstackCOMRAM 000011
___lldiv@quotient        cstackCOMRAM 000015
___lmul                  text7        000D9A
___lmul@multiplicand     cstackCOMRAM 000005
___lmul@multiplier       cstackCOMRAM 000001
___lmul@product          cstackCOMRAM 000009
___lwdiv                 text4        000D28
___lwdiv@counter         cstackCOMRAM 000007
___lwdiv@dividend        cstackCOMRAM 000001
___lwdiv@divisor         cstackCOMRAM 000003
___lwdiv@quotient        cstackCOMRAM 000005
___lwmod                 text3        000E04
___lwmod@counter         cstackCOMRAM 000005
___lwmod@dividend        cstackCOMRAM 000001
___lwmod@divisor         cstackCOMRAM 000003
___param_bank            (abs)        000000
___rparam_used           (abs)        000001
___sp                    stack        000000
___stack_hi              stack        000000
___stack_lo              stack        000000
__accesstop              (abs)        000060
__activetblptr           (abs)        000002
__end_of_ADC_Init        text20       001028
__end_of_ADC_Read        text19       000F38
__end_of_I2C_Init        text18       001018
__end_of_I2C_Start       text16       001002
__end_of_I2C_Stop        text15       000FEC
__end_of_I2C_Wait        text17       000F5E
__end_of_I2C_Write       text14       000FD6
__end_of_OLED_Char       text6        0009F4
__end_of_OLED_Clear      text10       000F00
__end_of_OLED_Command    text12       000F9C
__end_of_OLED_Data       text13       000FBA
__end_of_OLED_Init       text9        000B5E
__end_of_OLED_SetCursor  text11       000F7E
__end_of_OLED_String     text5        000EC6
__end_of___lldiv         text8        000C02
__end_of___lmul          text7        000E04
__end_of___lwdiv         text4        000D9A
__end_of___lwmod         text3        000E68
__end_of__initialization cinit        001028
__end_of_font_0          smallconst   000856
__end_of_font_1          smallconst   000851
__end_of_font_2          smallconst   00084C
__end_of_font_3          smallconst   000847
__end_of_font_4          smallconst   000842
__end_of_font_5          smallconst   00083D
__end_of_font_6          smallconst   000838
__end_of_font_7          smallconst   000833
__end_of_font_8          smallconst   00082E
__end_of_font_9          smallconst   000829
__end_of_font_A          smallconst   000824
__end_of_font_C          smallconst   00081F
__end_of_font_D          smallconst   00081A
__end_of_font_L          smallconst   000815
__end_of_font_R          smallconst   000810
__end_of_font_U          smallconst   00080B
__end_of_font_Z          smallconst   000806
__end_of_font_colon      smallconst   00085B
__end_of_font_percent    smallconst   000860
__end_of_font_space      smallconst   000865
__end_of_intToStr        text2        000AAA
__end_of_main            text0        000D28
__end_of_showValue       text1        000C98
__initialization         cinit        001028
__mediumconst            smallconst   000800
__pcinit                 cinit        001028
__pcstackCOMRAM          cstackCOMRAM 000001
__psmallconst            smallconst   000800
__ptext0                 text0        000C98
__ptext1                 text1        000C02
__ptext10                text10       000EC6
__ptext11                text11       000F5E
__ptext12                text12       000F7E
__ptext13                text13       000F9C
__ptext14                text14       000FBA
__ptext15                text15       000FD6
__ptext16                text16       000FEC
__ptext17                text17       000F38
__ptext18                text18       001002
__ptext19                text19       000F00
__ptext2                 text2        0009F4
__ptext20                text20       001018
__ptext3                 text3        000E04
__ptext4                 text4        000D28
__ptext5                 text5        000E68
__ptext6                 text6        000876
__ptext7                 text7        000D9A
__ptext8                 text8        000B5E
__ptext9                 text9        000AAA
__ramtop                 ramtop       000800
__smallconst             smallconst   000800
_font_0                  smallconst   000851
_font_1                  smallconst   00084C
_font_2                  smallconst   000847
_font_3                  smallconst   000842
_font_4                  smallconst   00083D
_font_5                  smallconst   000838
_font_6                  smallconst   000833
_font_7                  smallconst   00082E
_font_8                  smallconst   000829
_font_9                  smallconst   000824
_font_A                  smallconst   00081F
_font_C                  smallconst   00081A
_font_D                  smallconst   000815
_font_L                  smallconst   000810
_font_R                  smallconst   00080B
_font_U                  smallconst   000806
_font_Z                  smallconst   000801
_font_colon              smallconst   000856
_font_percent            smallconst   00085B
_font_space              smallconst   000860
_intToStr                text2        0009F4
_main                    text0        000C98
_showValue               text1        000C02
end_of_initialization    cinit        001028
intToStr@i               cstackCOMRAM 000012
intToStr@j               cstackCOMRAM 000011
intToStr@num             cstackCOMRAM 000008
intToStr@str             cstackCOMRAM 00000A
intToStr@temp            cstackCOMRAM 00000B
intlevel0                text         000000
intlevel1                text         000000
intlevel2                text         000000
intlevel3                text         000000
isa$std                  (abs)        000001
isa$xinst                (abs)        000000
main@adcValue            cstackCOMRAM 00001F
main@percent             cstackCOMRAM 00001E
showValue@adc            cstackCOMRAM 000013
showValue@buf            cstackCOMRAM 000016
showValue@percent        cstackCOMRAM 000015
stackhi                  (abs)        000000
stacklo                  (abs)        000000
start                    init         007FFC
start_initialization     cinit        001028


MODULE INFORMATION

Module		Function		Class		Link	Load	Size
C:\Program Files\Microchip\xc8\v3.10\pic\sources\c99\common\lwmod.c
		___lwmod       		CODE           	0E04	0000	100

C:\Program Files\Microchip\xc8\v3.10\pic\sources\c99\common\lwmod.c estimated size: 100

C:\Program Files\Microchip\xc8\v3.10\pic\sources\c99\common\Umul32.c
		___lmul        		CODE           	0D9A	0000	106

C:\Program Files\Microchip\xc8\v3.10\pic\sources\c99\common\Umul32.c estimated size: 106

C:\Program Files\Microchip\xc8\v3.10\pic\sources\c99\common\lwdiv.c
		___lwdiv       		CODE           	0D28	0000	114

C:\Program Files\Microchip\xc8\v3.10\pic\sources\c99\common\lwdiv.c estimated size: 114

shared
		_font_colon    		SMALLCONST     	0856	0000	5
		_font_0        		SMALLCONST     	0851	0000	5
		_font_3        		SMALLCONST     	0842	0000	5
		_font_6        		SMALLCONST     	0833	0000	5
		_font_9        		SMALLCONST     	0824	0000	5
		_font_space    		SMALLCONST     	0860	0000	5
		_font_1        		SMALLCONST     	084C	0000	5
		_font_4        		SMALLCONST     	083D	0000	5
		__initialization		CODE           	1028	0000	1
		_font_7        		SMALLCONST     	082E	0000	5
		_font_Z        		SMALLCONST     	0801	0000	5
		_font_C        		SMALLCONST     	081A	0000	5
		_font_percent  		SMALLCONST     	085B	0000	5
		_font_L        		SMALLCONST     	0810	0000	5
		_font_2        		SMALLCONST     	0847	0000	5
		_font_R        		SMALLCONST     	080B	0000	5
		_font_5        		SMALLCONST     	0838	0000	5
		_font_U        		SMALLCONST     	0806	0000	5
		_font_8        		SMALLCONST     	0829	0000	5
		_font_A        		SMALLCONST     	081F	0000	5
		_font_D        		SMALLCONST     	0815	0000	5

shared estimated size: 101

C:\Program Files\Microchip\xc8\v3.10\pic\sources\c99\common\__lldiv.c
		___lldiv       		CODE           	0B5E	0000	164

C:\Program Files\Microchip\xc8\v3.10\pic\sources\c99\common\__lldiv.c estimated size: 164

main.c
		_showValue     		CODE           	0C02	0000	150
		_OLED_SetCursor		CODE           	0F5E	0000	32
		_OLED_Clear    		CODE           	0EC6	0000	58
		_OLED_String   		CODE           	0E68	0000	94
		_OLED_Command  		CODE           	0F7E	0000	30
		_intToStr      		CODE           	09F4	0000	182
		_main          		CODE           	0C98	0000	144
		_OLED_Char     		CODE           	0876	0000	382
		_I2C_Write     		CODE           	0FBA	0000	28
		_OLED_Init     		CODE           	0AAA	0000	180
		_I2C_Stop      		CODE           	0FD6	0000	22
		_I2C_Wait      		CODE           	0F38	0000	38
		_I2C_Init      		CODE           	1002	0000	22
		_OLED_Data     		CODE           	0F9C	0000	30
		_ADC_Read      		CODE           	0F00	0000	56
		_I2C_Start     		CODE           	0FEC	0000	22
		_ADC_Init      		CODE           	1018	0000	16

main.c estimated size: 1486

