Microchip MPLAB XC8 Compiler V3.10

Linker command line:

-W-3 \
  --edf=C:\Program Files\Microchip\xc8\v3.10\pic\dat\20250813170317_en.msgs \
  -cn -h+dist/default/production\practica2.X.production.sym \
  --cmf=dist/default/production\practica2.X.production.cmf -z -Q18F4550 \
  -oC:\Users\JOHAN\AppData\Local\Temp\xcAs9hk.0\driver_tmp_3.o \
  --defsym=__MPLAB_BUILD=1 --fixupoverflow=error \
  -Mdist/default/production/practica2.X.production.map \
  --md=C:\Users\JOHAN\AppData\Local\Temp\xcAs9hk.0\driver_tmp_0.dat -E1 \
  -ver=XC8 Compiler -ACODE=00h-07FFFh -ACONST=00h-07FFFh \
  -ASMALLCONST=0800h-08FFhx120 -AMEDIUMCONST=0800h-07FFFh -ACOMRAM=01h-05Fh \
  -AABS1=00h-07FFh -ABIGRAM=01h-07FFh -ARAM=060h-0FFh,0100h-01FFhx7 \
  -ABANK0=060h-0FFh -ABANK1=0100h-01FFh -ABANK2=0200h-02FFh \
  -ABANK3=0300h-03FFh -ABANK4=0400h-04FFh -ABANK5=0500h-05FFh \
  -ABANK6=0600h-06FFh -ABANK7=0700h-07FFh -ASFR=0F60h-0FFFh \
  -ABIGSFR=0F60h-0FFFh -ACONFIG=0300000h-030000Dh -AIDLOC=0200000h-0200007h \
  -AEEDATA=0F00000h-0F000FFh -peeprom_data=EEDATA \
  -preset_vec=00h,intcode=8h,intcodelo=18h,sivt_lo,sivt_hi=CODE \
  -ppowerup=CODE,init -pramtop=0800h -psmallconst=SMALLCONST \
  -pmediumconst=MEDIUMCONST -pconst=CONST -AFARRAM=00h-00h \
  -prdata=COMRAM,nvrram=COMRAM,nvbit=COMRAM,rbss=COMRAM,rbit=COMRAM \
  -pfarbss=FARRAM,fardata=FARRAM,nvFARRAM=FARRAM \
  -pintsave_regs=BIGRAM,bigbss=BIGRAM,bigdata=BIGRAM -pbss=RAM \
  -pidata=CODE,irdata=CODE,ibigdata=CODE,ifardata=CODE -prparam=COMRAM \
  C:\Users\JOHAN\AppData\Local\Temp\xcAs9hk.0\driver_tmp_9.o \
  dist/default/production\practica2.X.production.o 

Object code version is 3.11

Machine type is 18F4550



                Name                               Link     Load   Length Selector   Space Scale
C:\Users\JOHAN\AppData\Local\Temp\xcAs9hk.0\driver_tmp_9.o
                config                           300000   300000        E        0       4
                init                               7FFC     7FFC        4     3FFE       0
                reset_vec                             0        0        4        0       0
dist/default/production\practica2.X.production.o
                config                           300000   300000        E        0       4
                mediumconst                        7DD8     7DD8      224     3EEC       0
                text23                             77E4     77E4       46     3BF2       0
                text22                             7758     7758       26     3BAC       0
                text21                             7738     7738       20     3B9C       0
                text20                             769E     769E        A     3B4F       0
                text19                             76D8     76D8       16     3B6C       0
                text18                             76EE     76EE       16     3B77       0
                text17                             771A     771A       1E     3B8D       0
                text16                             782A     782A       4C     3C15       0
                text15                             76C6     76C6       12     3B63       0
                text14                             7698     7698        6     3B4C       0
                text13                             78C2     78C2       4E     3C61       0
                text12                             7CCA     7CCA      10E     3E65       0
                text11                             7910     7910       5E     3C88       0
                text10                             79D2     79D2       72     3CE9       0
                text9                              796E     796E       64     3CB7       0
                text8                              7B4E     7B4E       B6     3DA7       0
                text7                              7A44     7A44       74     3D22       0
                text6                              77AA     77AA       3A     3BD5       0
                text5                              76B6     76B6       10     3B5B       0
                text4                              7704     7704       16     3B82       0
                text3                              7876     7876       4C     3C3B       0
                text2                              7C04     7C04       C6     3E02       0
                text1                              777E     777E       2C     3BBF       0
                text0                              7AB8     7AB8       96     3D5C       0
                cstackCOMRAM                          1        1       20        1       1
                bssCOMRAM                            21       21        2        1       1
                cinit                              76A8     76A8        E     3B54       0

TOTAL           Name                               Link     Load   Length     Space
        CLASS   CODE           
                init                               7FFC     7FFC        4         0
                reset_vec                             0        0        4         0
                text23                             77E4     77E4       46         0
                text22                             7758     7758       26         0
                text21                             7738     7738       20         0
                text20                             769E     769E        A         0
                text19                             76D8     76D8       16         0
                text18                             76EE     76EE       16         0
                text17                             771A     771A       1E         0
                text16                             782A     782A       4C         0
                text15                             76C6     76C6       12         0
                text14                             7698     7698        6         0
                text13                             78C2     78C2       4E         0
                text12                             7CCA     7CCA      10E         0
                text11                             7910     7910       5E         0
                text10                             79D2     79D2       72         0
                text9                              796E     796E       64         0
                text8                              7B4E     7B4E       B6         0
                text7                              7A44     7A44       74         0
                text6                              77AA     77AA       3A         0
                text5                              76B6     76B6       10         0
                text4                              7704     7704       16         0
                text3                              7876     7876       4C         0
                text2                              7C04     7C04       C6         0
                text1                              777E     777E       2C         0
                text0                              7AB8     7AB8       96         0
                cinit                              76A8     76A8        E         0

        CLASS   CONST          

        CLASS   SMALLCONST     

        CLASS   MEDIUMCONST    
                mediumconst                        7DD8     7DD8      224         0

        CLASS   COMRAM         
                cstackCOMRAM                          1        1       20         1
                bssCOMRAM                            21       21        2         1

        CLASS   ABS1           

        CLASS   BIGRAM         

        CLASS   RAM            

        CLASS   BANK0          

        CLASS   BANK1          

        CLASS   BANK2          

        CLASS   BANK3          

        CLASS   BANK4          

        CLASS   BANK5          

        CLASS   BANK6          

        CLASS   BANK7          

        CLASS   SFR            

        CLASS   BIGSFR         

        CLASS   CONFIG         
                config                           300000   300000        E         4

        CLASS   IDLOC          

        CLASS   EEDATA         

        CLASS   FARRAM         

        CLASS   HEAP           

        CLASS   STACK          



SEGMENTS        Name                           Load    Length   Top    Selector   Space  Class

                reset_vec                      000000  000004  000004         0       0  CODE    
                cstackCOMRAM                   000001  000022  000023         1       1  COMRAM  
                text14                         007698  000006  00769E      3B4C       0  CODE    
                text20                         00769E  00000A  0076A8      3B4F       0  CODE    
                cinit                          0076A8  00000E  0076B6      3B54       0  CODE    
                text5                          0076B6  000010  0076C6      3B5B       0  CODE    
                text15                         0076C6  000012  0076D8      3B63       0  CODE    
                text19                         0076D8  000016  0076EE      3B6C       0  CODE    
                text18                         0076EE  000016  007704      3B77       0  CODE    
                text4                          007704  000016  00771A      3B82       0  CODE    
                text17                         00771A  00001E  007738      3B8D       0  CODE    
                text21                         007738  000020  007758      3B9C       0  CODE    
                text22                         007758  000026  00777E      3BAC       0  CODE    
                text1                          00777E  00002C  0077AA      3BBF       0  CODE    
                text6                          0077AA  00003A  0077E4      3BD5       0  CODE    
                text23                         0077E4  000046  00782A      3BF2       0  CODE    
                text16                         00782A  00004C  007876      3C15       0  CODE    
                text3                          007876  00004C  0078C2      3C3B       0  CODE    
                text13                         0078C2  00004E  007910      3C61       0  CODE    
                text11                         007910  00005E  00796E      3C88       0  CODE    
                text9                          00796E  000064  0079D2      3CB7       0  CODE    
                text10                         0079D2  000072  007A44      3CE9       0  CODE    
                text7                          007A44  000074  007AB8      3D22       0  CODE    
                text0                          007AB8  000096  007B4E      3D5C       0  CODE    
                text8                          007B4E  0000B6  007C04      3DA7       0  CODE    
                text2                          007C04  0000C6  007CCA      3E02       0  CODE    
                text12                         007CCA  00010E  007DD8      3E65       0  CODE    
                mediumconst                    007DD8  000224  007FFC      3EEC       0  MEDIUMCO
                init                           007FFC  000004  008000      3FFE       0  CODE    


UNUSED ADDRESS RANGES

        Name                Unused          Largest block    Delta
        BANK0            000060-0000FF               A0
        BANK1            000100-0001FF              100
        BANK2            000200-0002FF              100
        BANK3            000300-0003FF              100
        BANK4            000400-0004FF              100
        BANK5            000500-0005FF              100
        BANK6            000600-0006FF              100
        BANK7            000700-0007FF              100
        BIGRAM           000023-0007FF              7DD
        BIGSFR           000F60-000FFF               A0
        CODE             000004-007697             7694
        COMRAM           000023-00005F               3D
        CONST            000004-007697             7694
        EEDATA           F00000-F000FF              100
        IDLOC            200000-200007                8
        MEDIUMCONST      000800-007697             6E98
        RAM              000060-0007FF              100
        SFR              000F60-000FFF               A0
        SMALLCONST       000800-007697              100

                                  Symbol Table

?_ADC_Read                    cstackCOMRAM 000001
?___lwdiv                     cstackCOMRAM 000001
?___lwmod                     cstackCOMRAM 000001
ADC_Read@channel              cstackCOMRAM 000005
Display_Update@adc_text       cstackCOMRAM 000016
Display_Update@adc_value      cstackCOMRAM 000013
Display_Update@led_state      cstackCOMRAM 000015
I2C_Master_Init@clock_hz      cstackCOMRAM 000001
I2C_Master_Write@data         cstackCOMRAM 000002
Process_Components@adc_value  cstackCOMRAM 000001
Process_Components@led_state  cstackCOMRAM 000003
SSD1306_ClearDisplay@column   cstackCOMRAM 000006
SSD1306_ClearDisplay@page     cstackCOMRAM 000007
SSD1306_ClearLine@column      cstackCOMRAM 000006
SSD1306_ClearLine@page        cstackCOMRAM 000007
SSD1306_Command@command       cstackCOMRAM 000003
SSD1306_Data@data             cstackCOMRAM 000003
SSD1306_SetCursor@column      cstackCOMRAM 000005
SSD1306_SetCursor@page        cstackCOMRAM 000004
SSD1306_WriteChar@c           cstackCOMRAM 00000C
SSD1306_WriteChar@character   cstackCOMRAM 00000E
SSD1306_WriteChar@i           cstackCOMRAM 00000D
SSD1306_WriteChar@index       cstackCOMRAM 00000A
SSD1306_WriteString@str       cstackCOMRAM 00000F
UInt16_To_String@buffer       cstackCOMRAM 00000A
UInt16_To_String@i            cstackCOMRAM 000012
UInt16_To_String@j            cstackCOMRAM 000011
UInt16_To_String@temp         cstackCOMRAM 00000B
UInt16_To_String@value        cstackCOMRAM 000008
_ADCON0                       (abs)        000FC2
_ADCON0bits                   (abs)        000FC2
_ADCON1                       (abs)        000FC1
_ADCON2                       (abs)        000FC0
_ADC_Init                     text5        0076B6
_ADC_Read                     text23       0077E4
_ADRESH                       (abs)        000FC4
_ADRESL                       (abs)        000FC3
_CMCON                        (abs)        000FB4
_CVRCON                       (abs)        000FB5
_Display_Update               text7        007A44
_Font5x7                      mediumconst  007DD9
_I2C_Master_Init              text4        007704
_I2C_Master_Start             text19       0076D8
_I2C_Master_Stop              text18       0076EE
_I2C_Master_Wait              text22       007758
_I2C_Master_Write             text21       007738
_LATDbits                     (abs)        000F8C
_OSCCON                       (abs)        000FD3
_PIR1bits                     (abs)        000F9E
_Process_Components           text6        0077AA
_SSD1306_ClearDisplay         text3        007876
_SSD1306_ClearLine            text13       0078C2
_SSD1306_Command              text17       00771A
_SSD1306_Data                 text20       00769E
_SSD1306_Init                 text2        007C04
_SSD1306_SetCursor            text16       00782A
_SSD1306_StartData            text15       0076C6
_SSD1306_StopData             text14       007698
_SSD1306_WriteChar            text12       007CCA
_SSD1306_WriteString          text11       007910
_SSPADD                       (abs)        000FC8
_SSPBUF                       (abs)        000FC9
_SSPCON1                      (abs)        000FC6
_SSPCON2                      (abs)        000FC5
_SSPCON2bits                  (abs)        000FC5
_SSPSTAT                      (abs)        000FC7
_SSPSTATbits                  (abs)        000FC7
_System_Init                  text1        00777E
_TRISAbits                    (abs)        000F92
_TRISBbits                    (abs)        000F93
_TRISDbits                    (abs)        000F95
_UInt16_To_String             text8        007B4E
__HRAM                        (abs)        000000
__H__absolute__               __absolute__ 000000
__Habs1                       abs1         000000
__Hbank0                      bank0        000000
__Hbank1                      bank1        000000
__Hbank2                      bank2        000000
__Hbank3                      bank3        000000
__Hbank4                      bank4        000000
__Hbank5                      bank5        000000
__Hbank6                      bank6        000000
__Hbank7                      bank7        000000
__Hbigbss                     bigbss       000000
__Hbigdata                    bigdata      000000
__Hbigram                     bigram       000000
__Hbigsfr                     bigsfr       000000
__Hbss                        bss          000000
__HbssCOMRAM                  bssCOMRAM    000000
__Hcinit                      cinit        000000
__Hclrtext                    clrtext      000000
__Hcomram                     comram       000000
__Hconfig                     config       30000E
__Hconst                      const        000000
__HcstackCOMRAM               cstackCOMRAM 000000
__Hdata                       data         000000
__Heeprom_data                eeprom_data  000000
__Hfarbss                     farbss       000000
__Hfardata                    fardata      000000
__Hheap                       heap         000000
__Hibigdata                   ibigdata     000000
__Hidata                      idata        000000
__Hidloc                      idloc        000000
__Hifardata                   ifardata     000000
__Hinit                       init         008000
__Hintcode                    intcode      000008
__Hintcode_body               intcode_body 000000
__Hintcodelo                  intcodelo    000018
__Hintentry                   intentry     000000
__Hintret                     intret       000000
__Hintsave_regs               intsave_regs 000000
__Hirdata                     irdata       000000
__Hmediumconst                mediumconst  007FFC
__HnvFARRAM                   nvFARRAM     000000
__Hnvbit                      nvbit        000000
__Hnvrram                     nvrram       000000
__Hparam                      rparam       000000
__Hpowerup                    powerup      000000
__Hram                        ram          000000
__Hramtop                     ramtop       000800
__Hrbit                       rbit         000000
__Hrbss                       rbss         000000
__Hrdata                      rdata        000000
__Hreset_vec                  reset_vec    000004
__Hrparam                     rparam       000000
__Hsfr                        sfr          000000
__Hsivt_hi                    sivt_hi      000000
__Hsivt_lo                    sivt_lo      000018
__Hsmallconst                 smallconst   000000
__Hspace_0                    (abs)        008000
__Hspace_1                    (abs)        000023
__Hspace_2                    (abs)        000000
__Hspace_4                    (abs)        60000E
__Hstack                      stack        000000
__Hstruct                     struct       000000
__Htemp                       temp         000000
__Htext                       text         000000
__Htext0                      text0        000000
__Htext1                      text1        000000
__Htext10                     text10       000000
__Htext11                     text11       000000
__Htext12                     text12       000000
__Htext13                     text13       000000
__Htext14                     text14       000000
__Htext15                     text15       000000
__Htext16                     text16       000000
__Htext17                     text17       000000
__Htext18                     text18       000000
__Htext19                     text19       000000
__Htext2                      text2        000000
__Htext20                     text20       000000
__Htext21                     text21       000000
__Htext22                     text22       000000
__Htext23                     text23       000000
__Htext3                      text3        000000
__Htext4                      text4        000000
__Htext5                      text5        000000
__Htext6                      text6        000000
__Htext7                      text7        000000
__Htext8                      text8        000000
__Htext9                      text9        000000
__LRAM                        (abs)        000001
__L__absolute__               __absolute__ 000000
__Labs1                       abs1         000000
__Lbank0                      bank0        000000
__Lbank1                      bank1        000000
__Lbank2                      bank2        000000
__Lbank3                      bank3        000000
__Lbank4                      bank4        000000
__Lbank5                      bank5        000000
__Lbank6                      bank6        000000
__Lbank7                      bank7        000000
__Lbigbss                     bigbss       000000
__Lbigdata                    bigdata      000000
__Lbigram                     bigram       000000
__Lbigsfr                     bigsfr       000000
__Lbss                        bss          000000
__LbssCOMRAM                  bssCOMRAM    000000
__Lcinit                      cinit        000000
__Lclrtext                    clrtext      000000
__Lcomram                     comram       000000
__Lconfig                     config       000000
__Lconst                      const        000000
__LcstackCOMRAM               cstackCOMRAM 000000
__Ldata                       data         000000
__Leeprom_data                eeprom_data  000000
__Lfarbss                     farbss       000000
__Lfardata                    fardata      000000
__Lheap                       heap         000000
__Libigdata                   ibigdata     000000
__Lidata                      idata        000000
__Lidloc                      idloc        000000
__Lifardata                   ifardata     000000
__Linit                       init         007FFC
__Lintcode                    intcode      000008
__Lintcode_body               intcode_body 000000
__Lintcodelo                  intcodelo    000018
__Lintentry                   intentry     000000
__Lintret                     intret       000000
__Lintsave_regs               intsave_regs 000000
__Lirdata                     irdata       000000
__Lmediumconst                mediumconst  007DD8
__LnvFARRAM                   nvFARRAM     000000
__Lnvbit                      nvbit        000000
__Lnvrram                     nvrram       000000
__Lparam                      rparam       000000
__Lpowerup                    powerup      000000
__Lram                        ram          000000
__Lramtop                     ramtop       000800
__Lrbit                       rbit         000000
__Lrbss                       rbss         000000
__Lrdata                      rdata        000000
__Lreset_vec                  reset_vec    000000
__Lrparam                     rparam       000000
__Lsfr                        sfr          000000
__Lsivt_hi                    sivt_hi      000000
__Lsivt_lo                    sivt_lo      000018
__Lsmallconst                 smallconst   000000
__Lspace_0                    (abs)        000000
__Lspace_1                    (abs)        000000
__Lspace_2                    (abs)        000000
__Lspace_4                    (abs)        000000
__Lstack                      stack        000000
__Lstruct                     struct       000000
__Ltemp                       temp         000000
__Ltext                       text         000000
__Ltext0                      text0        000000
__Ltext1                      text1        000000
__Ltext10                     text10       000000
__Ltext11                     text11       000000
__Ltext12                     text12       000000
__Ltext13                     text13       000000
__Ltext14                     text14       000000
__Ltext15                     text15       000000
__Ltext16                     text16       000000
__Ltext17                     text17       000000
__Ltext18                     text18       000000
__Ltext19                     text19       000000
__Ltext2                      text2        000000
__Ltext20                     text20       000000
__Ltext21                     text21       000000
__Ltext22                     text22       000000
__Ltext23                     text23       000000
__Ltext3                      text3        000000
__Ltext4                      text4        000000
__Ltext5                      text5        000000
__Ltext6                      text6        000000
__Ltext7                      text7        000000
__Ltext8                      text8        000000
__Ltext9                      text9        000000
__S0                          (abs)        008000
__S1                          (abs)        000023
__S4                          (abs)        000000
__S5                          (abs)        000000
___heap_hi                    (abs)        000000
___heap_lo                    (abs)        000000
___inthi_sp                   stack        000000
___inthi_stack_hi             stack        000000
___inthi_stack_lo             stack        000000
___intlo_sp                   stack        000000
___intlo_stack_hi             stack        000000
___intlo_stack_lo             stack        000000
___lwdiv                      text10       0079D2
___lwdiv@counter              cstackCOMRAM 000007
___lwdiv@dividend             cstackCOMRAM 000001
___lwdiv@divisor              cstackCOMRAM 000003
___lwdiv@quotient             cstackCOMRAM 000005
___lwmod                      text9        00796E
___lwmod@counter              cstackCOMRAM 000005
___lwmod@dividend             cstackCOMRAM 000001
___lwmod@divisor              cstackCOMRAM 000003
___param_bank                 (abs)        000000
___rparam_used                (abs)        000001
___sp                         stack        000000
___stack_hi                   stack        000000
___stack_lo                   stack        000000
__accesstop                   (abs)        000060
__activetblptr                (abs)        000002
__end_of_ADC_Init             text5        0076C6
__end_of_ADC_Read             text23       00782A
__end_of_Display_Update       text7        007AB8
__end_of_Font5x7              mediumconst  007FB9
__end_of_I2C_Master_Init      text4        00771A
__end_of_I2C_Master_Start     text19       0076EE
__end_of_I2C_Master_Stop      text18       007704
__end_of_I2C_Master_Wait      text22       00777E
__end_of_I2C_Master_Write     text21       007758
__end_of_Process_Components   text6        0077E4
__end_of_SSD1306_ClearDisplay text3        0078C2
__end_of_SSD1306_ClearLine    text13       007910
__end_of_SSD1306_Command      text17       007738
__end_of_SSD1306_Data         text20       0076A8
__end_of_SSD1306_Init         text2        007CCA
__end_of_SSD1306_SetCursor    text16       007876
__end_of_SSD1306_StartData    text15       0076D8
__end_of_SSD1306_StopData     text14       00769E
__end_of_SSD1306_WriteChar    text12       007DD8
__end_of_SSD1306_WriteString  text11       00796E
__end_of_System_Init          text1        0077AA
__end_of_UInt16_To_String     text8        007C04
__end_of___lwdiv              text10       007A44
__end_of___lwmod              text9        0079D2
__end_of__initialization      cinit        0076AC
__end_of_main                 text0        007B4E
__initialization              cinit        0076A8
__mediumconst                 mediumconst  007DD8
__pbssCOMRAM                  bssCOMRAM    000021
__pcinit                      cinit        0076A8
__pcstackCOMRAM               cstackCOMRAM 000001
__pmediumconst                mediumconst  007DD8
__ptext0                      text0        007AB8
__ptext1                      text1        00777E
__ptext10                     text10       0079D2
__ptext11                     text11       007910
__ptext12                     text12       007CCA
__ptext13                     text13       0078C2
__ptext14                     text14       007698
__ptext15                     text15       0076C6
__ptext16                     text16       00782A
__ptext17                     text17       00771A
__ptext18                     text18       0076EE
__ptext19                     text19       0076D8
__ptext2                      text2        007C04
__ptext20                     text20       00769E
__ptext21                     text21       007738
__ptext22                     text22       007758
__ptext23                     text23       0077E4
__ptext3                      text3        007876
__ptext4                      text4        007704
__ptext5                      text5        0076B6
__ptext6                      text6        0077AA
__ptext7                      text7        007A44
__ptext8                      text8        007B4E
__ptext9                      text9        00796E
__ramtop                      ramtop       000800
__smallconst                  mediumconst  007DD8
_main                         text0        007AB8
_oled_column                  bssCOMRAM    000022
_oled_page                    bssCOMRAM    000021
end_of_initialization         cinit        0076AC
intlevel0                     text         000000
intlevel1                     text         000000
intlevel2                     text         000000
intlevel3                     text         000000
isa$std                       (abs)        000001
isa$xinst                     (abs)        000000
main@adc_value                cstackCOMRAM 00001F
main@led_state                cstackCOMRAM 00001E
stackhi                       (abs)        000000
stacklo                       (abs)        000000
start                         init         007FFC
start_initialization          cinit        0076A8


MODULE INFORMATION

Module		Function		Class		Link	Load	Size
C:\Program Files\Microchip\xc8\v3.10\pic\sources\c99\common\lwmod.c
		___lwmod       		CODE           	796E	0000	100

C:\Program Files\Microchip\xc8\v3.10\pic\sources\c99\common\lwmod.c estimated size: 100

ssd1306.c
		_SSD1306_Data  		CODE           	769E	0000	10
		_SSD1306_Init  		CODE           	7C04	0000	198
		_SSD1306_StopData		CODE           	7698	0000	6
		_SSD1306_WriteString		CODE           	7910	0000	94
		_SSD1306_StartData		CODE           	76C6	0000	18
		_SSD1306_ClearLine		CODE           	78C2	0000	78
		_SSD1306_ClearDisplay		CODE           	7876	0000	76
		_SSD1306_WriteChar		CODE           	7CCA	0000	270
		_SSD1306_SetCursor		CODE           	782A	0000	76
		_SSD1306_Command		CODE           	771A	0000	30

ssd1306.c estimated size: 856

C:\Program Files\Microchip\xc8\v3.10\pic\sources\c99\common\lwdiv.c
		___lwdiv       		CODE           	79D2	0000	114

C:\Program Files\Microchip\xc8\v3.10\pic\sources\c99\common\lwdiv.c estimated size: 114

adc.c
		_ADC_Read      		CODE           	77E4	0000	70
		_ADC_Init      		CODE           	76B6	0000	16

adc.c estimated size: 86

i2c_master.c
		_I2C_Master_Wait		CODE           	7758	0000	38
		_I2C_Master_Init		CODE           	7704	0000	22
		_I2C_Master_Stop		CODE           	76EE	0000	22
		_I2C_Master_Write		CODE           	7738	0000	32
		_I2C_Master_Start		CODE           	76D8	0000	22

i2c_master.c estimated size: 136

shared
		_Font5x7       		MEDIUMCONST    	7DD9	0000	480
		__initialization		CODE           	76A8	0000	4

shared estimated size: 484

main.c
		_Display_Update		CODE           	7A44	0000	116
		_main          		CODE           	7AB8	0000	150
		_Process_Components		CODE           	77AA	0000	58
		_System_Init   		CODE           	777E	0000	44
		_UInt16_To_String		CODE           	7B4E	0000	182

main.c estimated size: 550

