Microchip MPLAB XC8 Compiler V3.10

Linker command line:

-W-3 \
  --edf=C:\Program Files\Microchip\xc8\v3.10\pic\dat\20250813170317_en.msgs \
  -cn -h+dist/default/production\practica2.X.production.sym \
  --cmf=dist/default/production\practica2.X.production.cmf -z -Q18F4550 \
  -oC:\Users\JOHAN\AppData\Local\Temp\xcAsd64.0\driver_tmp_3.o \
  --defsym=__MPLAB_BUILD=1 --fixupoverflow=error \
  -Mdist/default/production/practica2.X.production.map \
  --md=C:\Users\JOHAN\AppData\Local\Temp\xcAsd64.0\driver_tmp_0.dat -E1 \
  -ver=XC8 Compiler -ACODE=00h-07FFFh -ACONST=00h-07FFFh \
  -ASMALLCONST=0800h-08FFhx120 -AMEDIUMCONST=0800h-07FFFh -ACOMRAM=01h-05Fh \
  -AABS1=00h-07FFh -ABIGRAM=01h-07FFh -ARAM=060h-0FFh,0100h-01FFhx7 \
  -ABANK0=060h-0FFh -ABANK1=0100h-01FFh -ABANK2=0200h-02FFh \
  -ABANK3=0300h-03FFh -ABANK4=0400h-04FFh -ABANK5=0500h-05FFh \
  -ABANK6=0600h-06FFh -ABANK7=0700h-07FFh -ASFR=0F60h-0FFFh \
  -ABIGSFR=0F60h-0FFFh -ACONFIG=0300000h-030000Dh -AIDLOC=0200000h-0200007h \
  -AEEDATA=0F00000h-0F000FFh -peeprom_data=EEDATA \
  -preset_vec=00h,intcode=8h,intcodelo=18h,sivt_lo,sivt_hi=CODE \
  -ppowerup=CODE,init -pramtop=0800h -psmallconst=SMALLCONST \
  -pmediumconst=MEDIUMCONST -pconst=CONST -AFARRAM=00h-00h \
  -prdata=COMRAM,nvrram=COMRAM,nvbit=COMRAM,rbss=COMRAM,rbit=COMRAM \
  -pfarbss=FARRAM,fardata=FARRAM,nvFARRAM=FARRAM \
  -pintsave_regs=BIGRAM,bigbss=BIGRAM,bigdata=BIGRAM -pbss=RAM \
  -pidata=CODE,irdata=CODE,ibigdata=CODE,ifardata=CODE -prparam=COMRAM \
  C:\Users\JOHAN\AppData\Local\Temp\xcAsd64.0\driver_tmp_9.o \
  dist/default/production\practica2.X.production.o 

Object code version is 3.11

Machine type is 18F4550



                Name                               Link     Load   Length Selector   Space Scale
C:\Users\JOHAN\AppData\Local\Temp\xcAsd64.0\driver_tmp_9.o
                config                           300000   300000        E        0       4
                init                               7FFC     7FFC        4     3FFE       0
                reset_vec                             0        0        4        0       0
dist/default/production\practica2.X.production.o
                config                           300000   300000        E        0       4
                mediumconst                        7D30     7D30      2CC     3E98       0
                text36                             71BE     71BE       5A     38DF       0
                text35                             748A     748A       74     3A45       0
                text34                             7572     7572       7E     3AB9       0
                text33                             74FE     74FE       74     3A7F       0
                text32                             75F0     75F0       7E     3AF8       0
                text31                             6FD2     6FD2       26     37E9       0
                text30                             6F92     6F92       20     37C9       0
                text29                             6EF4     6EF4        A     377A       0
                text28                             6F32     6F32       16     3799       0
                text27                             6F48     6F48       16     37A4       0
                text26                             6F74     6F74       1E     37BA       0
                text25                             70D8     70D8       4C     386C       0
                text24                             6F0C     6F0C       12     3786       0
                text23                             6EEE     6EEE        6     3777       0
                text22                             7170     7170       4E     38B8       0
                text21                             7AB4     7AB4      10E     3D5A       0
                text20                             7218     7218       5E     390C       0
                text19                             7418     7418       72     3A0C       0
                text18                             7276     7276       64     393B       0
                text17                             77B4     77B4       B6     3BDA       0
                text16                             766E     766E       A2     3B37       0
                text15                             7BC2     7BC2      16E     3DE1       0
                text14                             7022     7022       32     3811       0
                text13                             72DA     72DA       68     396D       0
                text12                             6FB2     6FB2       20     37D9       0
                text11                             6FF8     6FF8       2A     37FC       0
                text10                             7094     7094       44     384A       0
                text9                              7710     7710       A4     3B88       0
                text8                              7342     7342       6A     39A1       0
                text7                              73AC     73AC       6C     39D6       0
                text6                              786A     786A       C0     3C35       0
                text5                              6F1E     6F1E       14     378F       0
                text4                              6F5E     6F5E       16     37AF       0
                text3                              7124     7124       4C     3892       0
                text2                              79EE     79EE       C6     3CF7       0
                text1                              7054     7054       40     382A       0
                text0                              792A     792A       C4     3C95       0
                cstackCOMRAM                          1        1       47        1       1
                bssCOMRAM                            48       48        2        1       1
                cinit                              6EFE     6EFE        E     377F       0

TOTAL           Name                               Link     Load   Length     Space
        CLASS   CODE           
                init                               7FFC     7FFC        4         0
                reset_vec                             0        0        4         0
                text36                             71BE     71BE       5A         0
                text35                             748A     748A       74         0
                text34                             7572     7572       7E         0
                text33                             74FE     74FE       74         0
                text32                             75F0     75F0       7E         0
                text31                             6FD2     6FD2       26         0
                text30                             6F92     6F92       20         0
                text29                             6EF4     6EF4        A         0
                text28                             6F32     6F32       16         0
                text27                             6F48     6F48       16         0
                text26                             6F74     6F74       1E         0
                text25                             70D8     70D8       4C         0
                text24                             6F0C     6F0C       12         0
                text23                             6EEE     6EEE        6         0
                text22                             7170     7170       4E         0
                text21                             7AB4     7AB4      10E         0
                text20                             7218     7218       5E         0
                text19                             7418     7418       72         0
                text18                             7276     7276       64         0
                text17                             77B4     77B4       B6         0
                text16                             766E     766E       A2         0
                text15                             7BC2     7BC2      16E         0
                text14                             7022     7022       32         0
                text13                             72DA     72DA       68         0
                text12                             6FB2     6FB2       20         0
                text11                             6FF8     6FF8       2A         0
                text10                             7094     7094       44         0
                text9                              7710     7710       A4         0
                text8                              7342     7342       6A         0
                text7                              73AC     73AC       6C         0
                text6                              786A     786A       C0         0
                text5                              6F1E     6F1E       14         0
                text4                              6F5E     6F5E       16         0
                text3                              7124     7124       4C         0
                text2                              79EE     79EE       C6         0
                text1                              7054     7054       40         0
                text0                              792A     792A       C4         0
                cinit                              6EFE     6EFE        E         0

        CLASS   CONST          

        CLASS   SMALLCONST     

        CLASS   MEDIUMCONST    
                mediumconst                        7D30     7D30      2CC         0

        CLASS   COMRAM         
                cstackCOMRAM                          1        1       47         1
                bssCOMRAM                            48       48        2         1

        CLASS   ABS1           

        CLASS   BIGRAM         

        CLASS   RAM            

        CLASS   BANK0          

        CLASS   BANK1          

        CLASS   BANK2          

        CLASS   BANK3          

        CLASS   BANK4          

        CLASS   BANK5          

        CLASS   BANK6          

        CLASS   BANK7          

        CLASS   SFR            

        CLASS   BIGSFR         

        CLASS   CONFIG         
                config                           300000   300000        E         4

        CLASS   IDLOC          

        CLASS   EEDATA         

        CLASS   FARRAM         

        CLASS   HEAP           

        CLASS   STACK          



SEGMENTS        Name                           Load    Length   Top    Selector   Space  Class

                reset_vec                      000000  000004  000004         0       0  CODE    
                cstackCOMRAM                   000001  000049  00004A         1       1  COMRAM  
                text23                         006EEE  000006  006EF4      3777       0  CODE    
                text29                         006EF4  00000A  006EFE      377A       0  CODE    
                cinit                          006EFE  00000E  006F0C      377F       0  CODE    
                text24                         006F0C  000012  006F1E      3786       0  CODE    
                text5                          006F1E  000014  006F32      378F       0  CODE    
                text28                         006F32  000016  006F48      3799       0  CODE    
                text27                         006F48  000016  006F5E      37A4       0  CODE    
                text4                          006F5E  000016  006F74      37AF       0  CODE    
                text26                         006F74  00001E  006F92      37BA       0  CODE    
                text30                         006F92  000020  006FB2      37C9       0  CODE    
                text12                         006FB2  000020  006FD2      37D9       0  CODE    
                text31                         006FD2  000026  006FF8      37E9       0  CODE    
                text11                         006FF8  00002A  007022      37FC       0  CODE    
                text14                         007022  000032  007054      3811       0  CODE    
                text1                          007054  000040  007094      382A       0  CODE    
                text10                         007094  000044  0070D8      384A       0  CODE    
                text25                         0070D8  00004C  007124      386C       0  CODE    
                text3                          007124  00004C  007170      3892       0  CODE    
                text22                         007170  00004E  0071BE      38B8       0  CODE    
                text36                         0071BE  00005A  007218      38DF       0  CODE    
                text20                         007218  00005E  007276      390C       0  CODE    
                text18                         007276  000064  0072DA      393B       0  CODE    
                text13                         0072DA  000068  007342      396D       0  CODE    
                text8                          007342  00006A  0073AC      39A1       0  CODE    
                text7                          0073AC  00006C  007418      39D6       0  CODE    
                text19                         007418  000072  00748A      3A0C       0  CODE    
                text35                         00748A  000074  0074FE      3A45       0  CODE    
                text33                         0074FE  000074  007572      3A7F       0  CODE    
                text34                         007572  00007E  0075F0      3AB9       0  CODE    
                text32                         0075F0  00007E  00766E      3AF8       0  CODE    
                text16                         00766E  0000A2  007710      3B37       0  CODE    
                text9                          007710  0000A4  0077B4      3B88       0  CODE    
                text17                         0077B4  0000B6  00786A      3BDA       0  CODE    
                text6                          00786A  0000C0  00792A      3C35       0  CODE    
                text0                          00792A  0000C4  0079EE      3C95       0  CODE    
                text2                          0079EE  0000C6  007AB4      3CF7       0  CODE    
                text21                         007AB4  00010E  007BC2      3D5A       0  CODE    
                text15                         007BC2  00016E  007D30      3DE1       0  CODE    
                mediumconst                    007D30  0002CC  007FFC      3E98       0  MEDIUMCO
                init                           007FFC  000004  008000      3FFE       0  CODE    


UNUSED ADDRESS RANGES

        Name                Unused          Largest block    Delta
        BANK0            000060-0000FF               A0
        BANK1            000100-0001FF              100
        BANK2            000200-0002FF              100
        BANK3            000300-0003FF              100
        BANK4            000400-0004FF              100
        BANK5            000500-0005FF              100
        BANK6            000600-0006FF              100
        BANK7            000700-0007FF              100
        BIGRAM           00004A-0007FF              7B6
        BIGSFR           000F60-000FFF               A0
        CODE             000004-006EED             6EEA
        COMRAM           00004A-00005F               16
        CONST            000004-006EED             6EEA
        EEDATA           F00000-F000FF              100
        IDLOC            200000-200007                8
        MEDIUMCONST      000800-006EED             66EE
        RAM              000060-0007FF              100
        SFR              000F60-000FFF               A0
        SMALLCONST       000800-006EED              100

                                  Symbol Table

?_ADC_Read                                cstackCOMRAM 000001
?_Light_Get_Text                          cstackCOMRAM 000001
?_Light_Process_ADC                       cstackCOMRAM 000001
?_MQ135_Get_Text                          cstackCOMRAM 000001
?_Read_LM35_Temperature_X10               cstackCOMRAM 00001A
?___lldiv                                 cstackCOMRAM 00000D
?___lmul                                  cstackCOMRAM 000001
?___lwdiv                                 cstackCOMRAM 000001
?___lwmod                                 cstackCOMRAM 000001
ADC_Read@channel                          cstackCOMRAM 000005
Display_Update@leds_count                 cstackCOMRAM 00003C
Display_Update@light_adc                  cstackCOMRAM 000025
Display_Update@light_level                cstackCOMRAM 00003D
Display_Update@light_text                 cstackCOMRAM 000035
Display_Update@mq135_adc                  cstackCOMRAM 000023
Display_Update@mq_level                   cstackCOMRAM 00003B
Display_Update@mq_text                    cstackCOMRAM 00002F
Display_Update@temp_text                  cstackCOMRAM 000027
Display_Update@temperature_x10            cstackCOMRAM 000021
I2C_Master_Init@clock_hz                  cstackCOMRAM 000001
I2C_Master_Write@data                     cstackCOMRAM 000002
Light_Get_Leds_Count@level                cstackCOMRAM 000001
Light_Get_Level@light_value               cstackCOMRAM 000001
Light_Get_Text@level                      cstackCOMRAM 000003
Light_LEDs_Update@leds_count              cstackCOMRAM 000001
Light_Process_ADC@light_value             cstackCOMRAM 000003
Light_Process_ADC@raw_adc                 cstackCOMRAM 000001
MQ135_Get_Level@adc_value                 cstackCOMRAM 000001
MQ135_Get_Text@level                      cstackCOMRAM 000003
Process_Components@leds_count             cstackCOMRAM 000008
Process_Components@light_adc              cstackCOMRAM 000003
Process_Components@light_level            cstackCOMRAM 000007
Process_Components@temperature_x10        cstackCOMRAM 000005
Read_LM35_Temperature_X10@adc_value       cstackCOMRAM 000020
Read_LM35_Temperature_X10@temperature_x10 cstackCOMRAM 00001C
SSD1306_ClearDisplay@column               cstackCOMRAM 000006
SSD1306_ClearDisplay@page                 cstackCOMRAM 000007
SSD1306_ClearLine@column                  cstackCOMRAM 000006
SSD1306_ClearLine@page                    cstackCOMRAM 000007
SSD1306_Command@command                   cstackCOMRAM 000003
SSD1306_Data@data                         cstackCOMRAM 000003
SSD1306_SetCursor@column                  cstackCOMRAM 000005
SSD1306_SetCursor@page                    cstackCOMRAM 000004
SSD1306_WriteChar@c                       cstackCOMRAM 00000C
SSD1306_WriteChar@character               cstackCOMRAM 00000E
SSD1306_WriteChar@i                       cstackCOMRAM 00000D
SSD1306_WriteChar@index                   cstackCOMRAM 00000A
SSD1306_WriteString@str                   cstackCOMRAM 00000F
Temperature_LED_Update@temperature_x10    cstackCOMRAM 000001
Temperature_To_String@buffer              cstackCOMRAM 000015
Temperature_To_String@decimal_part        cstackCOMRAM 00001E
Temperature_To_String@i                   cstackCOMRAM 000020
Temperature_To_String@integer_part        cstackCOMRAM 00001C
Temperature_To_String@integer_text        cstackCOMRAM 000016
Temperature_To_String@temperature_x10     cstackCOMRAM 000013
UInt16_To_String@buffer                   cstackCOMRAM 00000A
UInt16_To_String@i                        cstackCOMRAM 000012
UInt16_To_String@j                        cstackCOMRAM 000011
UInt16_To_String@temp                     cstackCOMRAM 00000B
UInt16_To_String@value                    cstackCOMRAM 000008
_ADCON0                                   (abs)        000FC2
_ADCON0bits                               (abs)        000FC2
_ADCON1                                   (abs)        000FC1
_ADCON2                                   (abs)        000FC0
_ADC_Init                                 text5        006F1E
_ADC_Read                                 text10       007094
_ADRESH                                   (abs)        000FC4
_ADRESL                                   (abs)        000FC3
_CMCON                                    (abs)        000FB4
_CVRCON                                   (abs)        000FB5
_Display_Update                           text15       007BC2
_Font5x7                                  mediumconst  007D31
_I2C_Master_Init                          text4        006F5E
_I2C_Master_Start                         text28       006F32
_I2C_Master_Stop                          text27       006F48
_I2C_Master_Wait                          text31       006FD2
_I2C_Master_Write                         text30       006F92
_LATDbits                                 (abs)        000F8C
_Light_Get_Leds_Count                     text36       0071BE
_Light_Get_Level                          text35       00748A
_Light_Get_Text                           text34       007572
_Light_LEDs_Update                        text13       0072DA
_Light_Process_ADC                        text14       007022
_MQ135_Get_Level                          text33       0074FE
_MQ135_Get_Text                           text32       0075F0
_OSCCON                                   (abs)        000FD3
_PIR1bits                                 (abs)        000F9E
_Process_Components                       text11       006FF8
_Read_LM35_Temperature_X10                text7        0073AC
_SSD1306_ClearDisplay                     text3        007124
_SSD1306_ClearLine                        text22       007170
_SSD1306_Command                          text26       006F74
_SSD1306_Data                             text29       006EF4
_SSD1306_Init                             text2        0079EE
_SSD1306_SetCursor                        text25       0070D8
_SSD1306_StartData                        text24       006F0C
_SSD1306_StopData                         text23       006EEE
_SSD1306_WriteChar                        text21       007AB4
_SSD1306_WriteString                      text20       007218
_SSPADD                                   (abs)        000FC8
_SSPBUF                                   (abs)        000FC9
_SSPCON1                                  (abs)        000FC6
_SSPCON2                                  (abs)        000FC5
_SSPCON2bits                              (abs)        000FC5
_SSPSTAT                                  (abs)        000FC7
_SSPSTATbits                              (abs)        000FC7
_Startup_LED_Test                         text6        00786A
_System_Init                              text1        007054
_TRISAbits                                (abs)        000F92
_TRISBbits                                (abs)        000F93
_TRISDbits                                (abs)        000F95
_Temperature_LED_Update                   text12       006FB2
_Temperature_To_String                    text16       00766E
_UInt16_To_String                         text17       0077B4
__HRAM                                    (abs)        000000
__H__absolute__                           __absolute__ 000000
__Habs1                                   abs1         000000
__Hbank0                                  bank0        000000
__Hbank1                                  bank1        000000
__Hbank2                                  bank2        000000
__Hbank3                                  bank3        000000
__Hbank4                                  bank4        000000
__Hbank5                                  bank5        000000
__Hbank6                                  bank6        000000
__Hbank7                                  bank7        000000
__Hbigbss                                 bigbss       000000
__Hbigdata                                bigdata      000000
__Hbigram                                 bigram       000000
__Hbigsfr                                 bigsfr       000000
__Hbss                                    bss          000000
__HbssCOMRAM                              bssCOMRAM    000000
__Hcinit                                  cinit        000000
__Hclrtext                                clrtext      000000
__Hcomram                                 comram       000000
__Hconfig                                 config       30000E
__Hconst                                  const        000000
__HcstackCOMRAM                           cstackCOMRAM 000000
__Hdata                                   data         000000
__Heeprom_data                            eeprom_data  000000
__Hfarbss                                 farbss       000000
__Hfardata                                fardata      000000
__Hheap                                   heap         000000
__Hibigdata                               ibigdata     000000
__Hidata                                  idata        000000
__Hidloc                                  idloc        000000
__Hifardata                               ifardata     000000
__Hinit                                   init         008000
__Hintcode                                intcode      000008
__Hintcode_body                           intcode_body 000000
__Hintcodelo                              intcodelo    000018
__Hintentry                               intentry     000000
__Hintret                                 intret       000000
__Hintsave_regs                           intsave_regs 000000
__Hirdata                                 irdata       000000
__Hmediumconst                            mediumconst  007FFC
__HnvFARRAM                               nvFARRAM     000000
__Hnvbit                                  nvbit        000000
__Hnvrram                                 nvrram       000000
__Hparam                                  rparam       000000
__Hpowerup                                powerup      000000
__Hram                                    ram          000000
__Hramtop                                 ramtop       000800
__Hrbit                                   rbit         000000
__Hrbss                                   rbss         000000
__Hrdata                                  rdata        000000
__Hreset_vec                              reset_vec    000004
__Hrparam                                 rparam       000000
__Hsfr                                    sfr          000000
__Hsivt_hi                                sivt_hi      000000
__Hsivt_lo                                sivt_lo      000018
__Hsmallconst                             smallconst   000000
__Hspace_0                                (abs)        008000
__Hspace_1                                (abs)        00004A
__Hspace_2                                (abs)        000000
__Hspace_4                                (abs)        60000E
__Hstack                                  stack        000000
__Hstruct                                 struct       000000
__Htemp                                   temp         000000
__Htext                                   text         000000
__Htext0                                  text0        000000
__Htext1                                  text1        000000
__Htext10                                 text10       000000
__Htext11                                 text11       000000
__Htext12                                 text12       000000
__Htext13                                 text13       000000
__Htext14                                 text14       000000
__Htext15                                 text15       000000
__Htext16                                 text16       000000
__Htext17                                 text17       000000
__Htext18                                 text18       000000
__Htext19                                 text19       000000
__Htext2                                  text2        000000
__Htext20                                 text20       000000
__Htext21                                 text21       000000
__Htext22                                 text22       000000
__Htext23                                 text23       000000
__Htext24                                 text24       000000
__Htext25                                 text25       000000
__Htext26                                 text26       000000
__Htext27                                 text27       000000
__Htext28                                 text28       000000
__Htext29                                 text29       000000
__Htext3                                  text3        000000
__Htext30                                 text30       000000
__Htext31                                 text31       000000
__Htext32                                 text32       000000
__Htext33                                 text33       000000
__Htext34                                 text34       000000
__Htext35                                 text35       000000
__Htext36                                 text36       000000
__Htext4                                  text4        000000
__Htext5                                  text5        000000
__Htext6                                  text6        000000
__Htext7                                  text7        000000
__Htext8                                  text8        000000
__Htext9                                  text9        000000
__LRAM                                    (abs)        000001
__L__absolute__                           __absolute__ 000000
__Labs1                                   abs1         000000
__Lbank0                                  bank0        000000
__Lbank1                                  bank1        000000
__Lbank2                                  bank2        000000
__Lbank3                                  bank3        000000
__Lbank4                                  bank4        000000
__Lbank5                                  bank5        000000
__Lbank6                                  bank6        000000
__Lbank7                                  bank7        000000
__Lbigbss                                 bigbss       000000
__Lbigdata                                bigdata      000000
__Lbigram                                 bigram       000000
__Lbigsfr                                 bigsfr       000000
__Lbss                                    bss          000000
__LbssCOMRAM                              bssCOMRAM    000000
__Lcinit                                  cinit        000000
__Lclrtext                                clrtext      000000
__Lcomram                                 comram       000000
__Lconfig                                 config       000000
__Lconst                                  const        000000
__LcstackCOMRAM                           cstackCOMRAM 000000
__Ldata                                   data         000000
__Leeprom_data                            eeprom_data  000000
__Lfarbss                                 farbss       000000
__Lfardata                                fardata      000000
__Lheap                                   heap         000000
__Libigdata                               ibigdata     000000
__Lidata                                  idata        000000
__Lidloc                                  idloc        000000
__Lifardata                               ifardata     000000
__Linit                                   init         007FFC
__Lintcode                                intcode      000008
__Lintcode_body                           intcode_body 000000
__Lintcodelo                              intcodelo    000018
__Lintentry                               intentry     000000
__Lintret                                 intret       000000
__Lintsave_regs                           intsave_regs 000000
__Lirdata                                 irdata       000000
__Lmediumconst                            mediumconst  007D30
__LnvFARRAM                               nvFARRAM     000000
__Lnvbit                                  nvbit        000000
__Lnvrram                                 nvrram       000000
__Lparam                                  rparam       000000
__Lpowerup                                powerup      000000
__Lram                                    ram          000000
__Lramtop                                 ramtop       000800
__Lrbit                                   rbit         000000
__Lrbss                                   rbss         000000
__Lrdata                                  rdata        000000
__Lreset_vec                              reset_vec    000000
__Lrparam                                 rparam       000000
__Lsfr                                    sfr          000000
__Lsivt_hi                                sivt_hi      000000
__Lsivt_lo                                sivt_lo      000018
__Lsmallconst                             smallconst   000000
__Lspace_0                                (abs)        000000
__Lspace_1                                (abs)        000000
__Lspace_2                                (abs)        000000
__Lspace_4                                (abs)        000000
__Lstack                                  stack        000000
__Lstruct                                 struct       000000
__Ltemp                                   temp         000000
__Ltext                                   text         000000
__Ltext0                                  text0        000000
__Ltext1                                  text1        000000
__Ltext10                                 text10       000000
__Ltext11                                 text11       000000
__Ltext12                                 text12       000000
__Ltext13                                 text13       000000
__Ltext14                                 text14       000000
__Ltext15                                 text15       000000
__Ltext16                                 text16       000000
__Ltext17                                 text17       000000
__Ltext18                                 text18       000000
__Ltext19                                 text19       000000
__Ltext2                                  text2        000000
__Ltext20                                 text20       000000
__Ltext21                                 text21       000000
__Ltext22                                 text22       000000
__Ltext23                                 text23       000000
__Ltext24                                 text24       000000
__Ltext25                                 text25       000000
__Ltext26                                 text26       000000
__Ltext27                                 text27       000000
__Ltext28                                 text28       000000
__Ltext29                                 text29       000000
__Ltext3                                  text3        000000
__Ltext30                                 text30       000000
__Ltext31                                 text31       000000
__Ltext32                                 text32       000000
__Ltext33                                 text33       000000
__Ltext34                                 text34       000000
__Ltext35                                 text35       000000
__Ltext36                                 text36       000000
__Ltext4                                  text4        000000
__Ltext5                                  text5        000000
__Ltext6                                  text6        000000
__Ltext7                                  text7        000000
__Ltext8                                  text8        000000
__Ltext9                                  text9        000000
__S0                                      (abs)        008000
__S1                                      (abs)        00004A
__S4                                      (abs)        000000
__S5                                      (abs)        000000
___heap_hi                                (abs)        000000
___heap_lo                                (abs)        000000
___inthi_sp                               stack        000000
___inthi_stack_hi                         stack        000000
___inthi_stack_lo                         stack        000000
___intlo_sp                               stack        000000
___intlo_stack_hi                         stack        000000
___intlo_stack_lo                         stack        000000
___lldiv                                  text9        007710
___lldiv@counter                          cstackCOMRAM 000019
___lldiv@dividend                         cstackCOMRAM 00000D
___lldiv@divisor                          cstackCOMRAM 000011
___lldiv@quotient                         cstackCOMRAM 000015
___lmul                                   text8        007342
___lmul@multiplicand                      cstackCOMRAM 000005
___lmul@multiplier                        cstackCOMRAM 000001
___lmul@product                           cstackCOMRAM 000009
___lwdiv                                  text19       007418
___lwdiv@counter                          cstackCOMRAM 000007
___lwdiv@dividend                         cstackCOMRAM 000001
___lwdiv@divisor                          cstackCOMRAM 000003
___lwdiv@quotient                         cstackCOMRAM 000005
___lwmod                                  text18       007276
___lwmod@counter                          cstackCOMRAM 000005
___lwmod@dividend                         cstackCOMRAM 000001
___lwmod@divisor                          cstackCOMRAM 000003
___param_bank                             (abs)        000000
___rparam_used                            (abs)        000001
___sp                                     stack        000000
___stack_hi                               stack        000000
___stack_lo                               stack        000000
__accesstop                               (abs)        000060
__activetblptr                            (abs)        000002
__end_of_ADC_Init                         text5        006F32
__end_of_ADC_Read                         text10       0070D8
__end_of_Display_Update                   text15       007D30
__end_of_Font5x7                          mediumconst  007F11
__end_of_I2C_Master_Init                  text4        006F74
__end_of_I2C_Master_Start                 text28       006F48
__end_of_I2C_Master_Stop                  text27       006F5E
__end_of_I2C_Master_Wait                  text31       006FF8
__end_of_I2C_Master_Write                 text30       006FB2
__end_of_Light_Get_Leds_Count             text36       007218
__end_of_Light_Get_Level                  text35       0074FE
__end_of_Light_Get_Text                   text34       0075F0
__end_of_Light_LEDs_Update                text13       007342
__end_of_Light_Process_ADC                text14       007054
__end_of_MQ135_Get_Level                  text33       007572
__end_of_MQ135_Get_Text                   text32       00766E
__end_of_Process_Components               text11       007022
__end_of_Read_LM35_Temperature_X10        text7        007418
__end_of_SSD1306_ClearDisplay             text3        007170
__end_of_SSD1306_ClearLine                text22       0071BE
__end_of_SSD1306_Command                  text26       006F92
__end_of_SSD1306_Data                     text29       006EFE
__end_of_SSD1306_Init                     text2        007AB4
__end_of_SSD1306_SetCursor                text25       007124
__end_of_SSD1306_StartData                text24       006F1E
__end_of_SSD1306_StopData                 text23       006EF4
__end_of_SSD1306_WriteChar                text21       007BC2
__end_of_SSD1306_WriteString              text20       007276
__end_of_Startup_LED_Test                 text6        00792A
__end_of_System_Init                      text1        007094
__end_of_Temperature_LED_Update           text12       006FD2
__end_of_Temperature_To_String            text16       007710
__end_of_UInt16_To_String                 text17       00786A
__end_of___lldiv                          text9        0077B4
__end_of___lmul                           text8        0073AC
__end_of___lwdiv                          text19       00748A
__end_of___lwmod                          text18       0072DA
__end_of__initialization                  cinit        006F02
__end_of_main                             text0        0079EE
__initialization                          cinit        006EFE
__mediumconst                             mediumconst  007D30
__pbssCOMRAM                              bssCOMRAM    000048
__pcinit                                  cinit        006EFE
__pcstackCOMRAM                           cstackCOMRAM 000001
__pmediumconst                            mediumconst  007D30
__ptext0                                  text0        00792A
__ptext1                                  text1        007054
__ptext10                                 text10       007094
__ptext11                                 text11       006FF8
__ptext12                                 text12       006FB2
__ptext13                                 text13       0072DA
__ptext14                                 text14       007022
__ptext15                                 text15       007BC2
__ptext16                                 text16       00766E
__ptext17                                 text17       0077B4
__ptext18                                 text18       007276
__ptext19                                 text19       007418
__ptext2                                  text2        0079EE
__ptext20                                 text20       007218
__ptext21                                 text21       007AB4
__ptext22                                 text22       007170
__ptext23                                 text23       006EEE
__ptext24                                 text24       006F0C
__ptext25                                 text25       0070D8
__ptext26                                 text26       006F74
__ptext27                                 text27       006F48
__ptext28                                 text28       006F32
__ptext29                                 text29       006EF4
__ptext3                                  text3        007124
__ptext30                                 text30       006F92
__ptext31                                 text31       006FD2
__ptext32                                 text32       0075F0
__ptext33                                 text33       0074FE
__ptext34                                 text34       007572
__ptext35                                 text35       00748A
__ptext36                                 text36       0071BE
__ptext4                                  text4        006F5E
__ptext5                                  text5        006F1E
__ptext6                                  text6        00786A
__ptext7                                  text7        0073AC
__ptext8                                  text8        007342
__ptext9                                  text9        007710
__ramtop                                  ramtop       000800
__smallconst                              mediumconst  007D30
_main                                     text0        00792A
_oled_column                              bssCOMRAM    000049
_oled_page                                bssCOMRAM    000048
end_of_initialization                     cinit        006F02
intlevel0                                 text         000000
intlevel1                                 text         000000
intlevel2                                 text         000000
intlevel3                                 text         000000
isa$std                                   (abs)        000001
isa$xinst                                 (abs)        000000
main@light_adc                            cstackCOMRAM 000046
main@light_adc_raw                        cstackCOMRAM 000042
main@mq135_adc                            cstackCOMRAM 000040
main@temperature_x10                      cstackCOMRAM 000044
stackhi                                   (abs)        000000
stacklo                                   (abs)        000000
start                                     init         007FFC
start_initialization                      cinit        006EFE


MODULE INFORMATION

Module		Function		Class		Link	Load	Size
mq135.c
		_MQ135_Get_Text		CODE           	75F0	0000	126
		_MQ135_Get_Level		CODE           	74FE	0000	116

mq135.c estimated size: 242

C:\Program Files\Microchip\xc8\v3.10\pic\sources\c99\common\lwmod.c
		___lwmod       		CODE           	7276	0000	100

C:\Program Files\Microchip\xc8\v3.10\pic\sources\c99\common\lwmod.c estimated size: 100

C:\Program Files\Microchip\xc8\v3.10\pic\sources\c99\common\Umul32.c
		___lmul        		CODE           	7342	0000	106

C:\Program Files\Microchip\xc8\v3.10\pic\sources\c99\common\Umul32.c estimated size: 106

ssd1306.c
		_SSD1306_Data  		CODE           	6EF4	0000	10
		_SSD1306_Init  		CODE           	79EE	0000	198
		_SSD1306_StopData		CODE           	6EEE	0000	6
		_SSD1306_WriteString		CODE           	7218	0000	94
		_SSD1306_StartData		CODE           	6F0C	0000	18
		_SSD1306_ClearLine		CODE           	7170	0000	78
		_SSD1306_ClearDisplay		CODE           	7124	0000	76
		_SSD1306_WriteChar		CODE           	7AB4	0000	270
		_SSD1306_SetCursor		CODE           	70D8	0000	76
		_SSD1306_Command		CODE           	6F74	0000	30

ssd1306.c estimated size: 856

C:\Program Files\Microchip\xc8\v3.10\pic\sources\c99\common\lwdiv.c
		___lwdiv       		CODE           	7418	0000	114

C:\Program Files\Microchip\xc8\v3.10\pic\sources\c99\common\lwdiv.c estimated size: 114

adc.c
		_ADC_Read      		CODE           	7094	0000	68
		_ADC_Init      		CODE           	6F1E	0000	20

adc.c estimated size: 88

i2c_master.c
		_I2C_Master_Wait		CODE           	6FD2	0000	38
		_I2C_Master_Init		CODE           	6F5E	0000	22
		_I2C_Master_Stop		CODE           	6F48	0000	22
		_I2C_Master_Write		CODE           	6F92	0000	32
		_I2C_Master_Start		CODE           	6F32	0000	22

i2c_master.c estimated size: 136

shared
		_Font5x7       		MEDIUMCONST    	7D31	0000	480
		__initialization		CODE           	6EFE	0000	4

shared estimated size: 484

light_sensor.c
		_Light_Get_Text		CODE           	7572	0000	126
		_Light_Get_Leds_Count		CODE           	71BE	0000	90
		_Light_Get_Level		CODE           	748A	0000	116
		_Light_Process_ADC		CODE           	7022	0000	50

light_sensor.c estimated size: 382

C:\Program Files\Microchip\xc8\v3.10\pic\sources\c99\common\__lldiv.c
		___lldiv       		CODE           	7710	0000	164

C:\Program Files\Microchip\xc8\v3.10\pic\sources\c99\common\__lldiv.c estimated size: 164

main.c
		_Display_Update		CODE           	7BC2	0000	366
		_Temperature_To_String		CODE           	766E	0000	162
		_main          		CODE           	792A	0000	196
		_Temperature_LED_Update		CODE           	6FB2	0000	32
		_Read_LM35_Temperature_X10		CODE           	73AC	0000	108
		_Process_Components		CODE           	6FF8	0000	42
		_Light_LEDs_Update		CODE           	72DA	0000	104
		_System_Init   		CODE           	7054	0000	64
		_UInt16_To_String		CODE           	77B4	0000	182
		_Startup_LED_Test		CODE           	786A	0000	192

main.c estimated size: 1448

